
 Start         Length     Name                   Class
 0001:00000000 00040928H .text                   CODE
 0002:00000000 0000093CH .data                   DATA
 0002:0000093C 000087A0H .bss                    BSS


Detailed map of segments

 0001:00000000 00003A80 C=CODE     S=.text    G=(none)   M=System   ACBP=A9
 0001:00003A80 000008A3 C=CODE     S=.text    G=(none)   M=Windows  ACBP=A9
 0001:00004324 000029F2 C=CODE     S=.text    G=(none)   M=SysUtils ACBP=A9
 0001:00006D18 0000055D C=CODE     S=.text    G=(none)   M=TypInfo  ACBP=A9
 0001:00007278 000068A2 C=CODE     S=.text    G=(none)   M=Classes  ACBP=A9
 0001:0000DB1C 000005BE C=CODE     S=.text    G=(none)   M=CommCtrl ACBP=A9
 0001:0000E0DC 0000001E C=CODE     S=.text    G=(none)   M=Printers ACBP=A9
 0001:0000E0FC 00001FB1 C=CODE     S=.text    G=(none)   M=Menus    ACBP=A9
 0001:000100B0 0000756F C=CODE     S=.text    G=(none)   M=Controls ACBP=A9
 0001:00017620 00005AE5 C=CODE     S=.text    G=(none)   M=Graphics ACBP=A9
 0001:0001D108 00007027 C=CODE     S=.text    G=(none)   M=Forms    ACBP=A9
 0001:00024130 0000000E C=CODE     S=.text    G=(none)   M=CommDlg  ACBP=A9
 0001:00024140 00005807 C=CODE     S=.text    G=(none)   M=StdCtrls ACBP=A9
 0001:00029948 000012D4 C=CODE     S=.text    G=(none)   M=ExtCtrls ACBP=A9
 0001:0002AC1C 0000141C C=CODE     S=.text    G=(none)   M=Dialogs  ACBP=A9
 0001:0002C038 00007F1B C=CODE     S=.text    G=(none)   M=ComCtrls ACBP=A9
 0001:00033F54 000000D3 C=CODE     S=.text    G=(none)   M=misc_utils ACBP=A9
 0001:00034028 000002E8 C=CODE     S=.text    G=(none)   M=ProgressDialog ACBP=A9
 0001:00034310 00000236 C=CODE     S=.text    G=(none)   M=OLE2     ACBP=A9
 0001:00034548 0000001E C=CODE     S=.text    G=(none)   M=ShellAPI ACBP=A9
 0001:00034568 0000303C C=CODE     S=.text    G=(none)   M=u_Containers ACBP=A9
 0001:000375A4 00001168 C=CODE     S=.text    G=(none)   M=FileOperations ACBP=A9
 0001:0003870C 0000166A C=CODE     S=.text    G=(none)   M=Files    ACBP=A9
 0001:00039D78 0000066C C=CODE     S=.text    G=(none)   M=Clipbrd  ACBP=A9
 0001:0003A3E4 00000CFD C=CODE     S=.text    G=(none)   M=OleAuto  ACBP=A9
 0001:0003B0E4 00000AD7 C=CODE     S=.text    G=(none)   M=DragOut  ACBP=A9
 0001:0003BBBC 00000542 C=CODE     S=.text    G=(none)   M=Registry ACBP=A9
 0001:0003C100 000002BC C=CODE     S=.text    G=(none)   M=u_options ACBP=A9
 0001:0003C3BC 00000127 C=CODE     S=.text    G=(none)   M=AboutCntMan ACBP=A9
 0001:0003C4E4 00000208 C=CODE     S=.text    G=(none)   M=u_Moveform ACBP=A9
 0001:0003C6EC 000003C4 C=CODE     S=.text    G=(none)   M=u_errorform ACBP=A9
 0001:0003CAB0 00003D92 C=CODE     S=.text    G=(none)   M=ContManager ACBP=A9
 0001:00040844 000000E4 C=CODE     S=.text    G=(none)   M=ConMan   ACBP=A9
 0002:00000000 00000082 C=DATA     S=.data    G=DGROUP   M=System   ACBP=A9
 0002:00000084 00000108 C=DATA     S=.data    G=DGROUP   M=SysUtils ACBP=A9
 0002:0000018C 00000004 C=DATA     S=.data    G=DGROUP   M=TypInfo  ACBP=A9
 0002:00000190 00000024 C=DATA     S=.data    G=DGROUP   M=Classes  ACBP=A9
 0002:000001B4 0000000C C=DATA     S=.data    G=DGROUP   M=Printers ACBP=A9
 0002:000001C0 00000082 C=DATA     S=.data    G=DGROUP   M=Menus    ACBP=A9
 0002:00000244 000000B8 C=DATA     S=.data    G=DGROUP   M=Controls ACBP=A9
 0002:000002FC 0000024C C=DATA     S=.data    G=DGROUP   M=Graphics ACBP=A9
 0002:00000548 000000F0 C=DATA     S=.data    G=DGROUP   M=Forms    ACBP=A9
 0002:00000638 000000CC C=DATA     S=.data    G=DGROUP   M=StdCtrls ACBP=A9
 0002:00000704 0000000E C=DATA     S=.data    G=DGROUP   M=ExtCtrls ACBP=A9
 0002:00000714 000000D4 C=DATA     S=.data    G=DGROUP   M=Dialogs  ACBP=A9
 0002:000007E8 000000C8 C=DATA     S=.data    G=DGROUP   M=ComCtrls ACBP=A9
 0002:000008B0 00000050 C=DATA     S=.data    G=DGROUP   M=OLE2     ACBP=A9
 0002:00000900 0000000C C=DATA     S=.data    G=DGROUP   M=FileOperations ACBP=A9
 0002:0000090C 0000000C C=DATA     S=.data    G=DGROUP   M=Clipbrd  ACBP=A9
 0002:00000918 0000000C C=DATA     S=.data    G=DGROUP   M=OleAuto  ACBP=A9
 0002:00000924 0000000C C=DATA     S=.data    G=DGROUP   M=DragOut  ACBP=A9
 0002:00000930 0000000C C=DATA     S=.data    G=DGROUP   M=u_options ACBP=A9
 0002:00001000 00000498 C=BSS      S=.bss     G=DGROUP   M=System   ACBP=A9
 0002:00001498 000000C4 C=BSS      S=.bss     G=DGROUP   M=SysUtils ACBP=A9
 0002:0000155C 00000014 C=BSS      S=.bss     G=DGROUP   M=Classes  ACBP=A9
 0002:00001570 00000004 C=BSS      S=.bss     G=DGROUP   M=Printers ACBP=A9
 0002:00001574 00000050 C=BSS      S=.bss     G=DGROUP   M=Menus    ACBP=A9
 0002:000015C4 00000040 C=BSS      S=.bss     G=DGROUP   M=Controls ACBP=A9
 0002:00001604 00000024 C=BSS      S=.bss     G=DGROUP   M=Graphics ACBP=A9
 0002:00001628 00000034 C=BSS      S=.bss     G=DGROUP   M=Forms    ACBP=A9
 0002:0000165C 00000009 C=BSS      S=.bss     G=DGROUP   M=Dialogs  ACBP=A9
 0002:00001668 00000004 C=BSS      S=.bss     G=DGROUP   M=ProgressDialog ACBP=A9
 0002:0000166C 00008008 C=BSS      S=.bss     G=DGROUP   M=FileOperations ACBP=A9
 0002:00009674 00000008 C=BSS      S=.bss     G=DGROUP   M=Clipbrd  ACBP=A9
 0002:0000967C 00000008 C=BSS      S=.bss     G=DGROUP   M=OleAuto  ACBP=A9
 0002:00009684 00000104 C=BSS      S=.bss     G=DGROUP   M=DragOut  ACBP=A9
 0002:00009788 00000008 C=BSS      S=.bss     G=DGROUP   M=u_options ACBP=A9
 0002:00009790 00000004 C=BSS      S=.bss     G=DGROUP   M=AboutCntMan ACBP=A9
 0002:00009794 00000004 C=BSS      S=.bss     G=DGROUP   M=u_Moveform ACBP=A9
 0002:00009798 00000004 C=BSS      S=.bss     G=DGROUP   M=u_errorform ACBP=A9
 0002:0000979C 00000004 C=BSS      S=.bss     G=DGROUP   M=ContManager ACBP=A9


  Address         Publics by Name

 0001:00001854       @AbstractError
 0001:00002E60       @AddExitProc
 0001:0000343D       @Append
 0001:00001B60       @AsClass
 0001:00003081       @Assign
 0001:000018DC       @AStrCmp
 0001:00003124       @BlockRead
 0001:00003188       @BlockWrite
 0001:00001BA8       @CallDynaInst
 0001:00001CD8       @ClassCreate
 0001:00001D14       @ClassDestroy
 0001:000031EC       @Close
 0001:00002B90       @DispInvokeError
 0001:00002134       @DoneExcept
 0001:00003228       @FilePos
 0001:0000326C       @FileSize
 0001:0000194C       @FillChar
 0002:000001A8       @FinalizationRec
 0002:00000900       @FinalizationRec
 0002:00000930       @FinalizationRec
 0002:00000924       @FinalizationRec
 0001:00002A3C       @Finalize
 0001:000029B4       @FinalizeArray
 0001:0000298C       @FinalizeRecord
 0001:000030FC       @Flush
 0001:00001608       @FreeMem
 0001:000015F0       @GetMem
 0001:00002364       @GetTls
 0001:000033D8       @Halt
 0001:000033D4       @Halt0
 0001:00001E18       @HandleAnyException
 0001:0000200C       @HandleFinally
 0001:00001EDC       @HandleOnException
 0001:000022EC       @InitExe
 0001:00002980       @Initialize
 0001:000028FC       @InitializeArray
 0001:000028D4       @InitializeRecord
 0001:00001B48       @IsClass
 0001:000026D0       @LStrAddRef
 0001:000023C8       @LStrArrayClr
 0001:000023F8       @LStrAsg
 0001:00002524       @LStrCat
 0001:00002568       @LStrCat3
 0001:000025DC       @LStrCatN
 0001:000023A8       @LStrClr
 0001:0000262C       @LStrCmp
 0001:00002720       @LStrCopy
 0001:00002760       @LStrDelete
 0001:00002504       @LStrFromArray
 0001:000024B8       @LStrFromChar
 0001:00002488       @LStrFromLenStr
 0001:000024D4       @LStrFromPChar
 0001:000024C8       @LStrFromString
 0001:000027A8       @LStrInsert
 0001:0000243C       @LStrLAsg
 0001:0000251C       @LStrLen
 0001:00002804       @LStrPos
 0001:0000284C       @LStrSetLength
 0001:000026E0       @LStrToPChar
 0001:000028B0       @LStrToString
 0001:00002464       @NewAnsiString
 0001:000036F8       @Pow10
 0001:00001890       @PStrCpy
 0001:00001860       @PStrNCat
 0001:000018AC       @PStrNCpy
 0001:000020E0       @RaiseAgain
 0001:000020C4       @RaiseExcept
 0001:00001620       @ReallocMem
 0001:00003518       @ResetFile
 0001:0000342F       @ResetText
 0001:0000352C       @RewritFile
 0001:00003436       @RewritText
 0001:000033E5       @Run0Error
 0001:000033E9       @RunError
 0001:00002044       @SafeCall
 0001:0000354C       @Seek
 0001:00002164       @TryFinallyExit
 0001:0000196C       @ValLong
 0001:00002E3C       @VarClr
 0001:00002E00       @VarToLStr
 0001:0000365F       @Write0Char
 0001:000036C8       @Write0CString
 0001:00003624       @Write0String
 0001:000036B1       @WriteChar
 0001:000036CC       @WriteCString
 0001:0000364B       @WriteLn
 0001:0000362E       @WriteString
 0001:00001A14       @_CLenToPasStr
 0001:000030D7       @_Flush
 0001:000016B0       @_IOTest
 0002:00009790       AboutContMan
 0001:0003ED0C       AddDefGOBDir
 0001:0003F2F8       AddDefPAKDir
 0001:00036570       AddDir
 0001:0003F5A4       AddDir
 0001:00036D88       AddDir
 0001:0003D23C       AddDirs
 0001:00004998       AddExitProc
 0001:0003F558       AddFile
 0001:0000A540       AddFinished
 0001:0000A578       AddNotFinished
 0001:00004AD0       AdjustLineBreaks
 0001:00003E10       AdjustWindowRectEx
 0001:0001E6BC       AllocateHWnd
 0001:00004950       AllocMem
 0002:00001400       AllocMemCount
 0002:00001404       AllocMemSize
 0001:0000C87C       AncestorValid
 0001:00004A98       AnsiCompareText
 0001:00003E18       AnsiLower
 0002:00001628       Application
 0002:00000850       Arrangements
 0001:0003FA6C       AssExt
 0002:00000858       AutoArrange
 0002:0000967C       Automation
 0001:0003769C       BackupFile
 0001:00008290       BeginGlobalLoading
 0001:00003E20       BeginPaint
 0001:00003C40       BitBlt
 0002:000007E8       BorderStyles
 0002:00000830       BorderStyles
 0001:00007E94       Bounds
 0002:00000800       ButtonStyles
 0001:00003E28       CallNextHookEx
 0001:00003E30       CallWindowProc
 0001:00011B08       CancelDrag
 0002:00009676       CF_COMPONENT
 0002:00009674       CF_PICTURE
 0001:00004F50       ChangeFileExt
 0001:00003E38       CheckMenuItem
 0002:00000198       ClassAliasList
 0001:0000DAB0       Classes
 0001:0003A528       ClassIDToString
 0002:00000194       ClassList
 0001:00007EBC       ClassNotFound
 0001:00003E40       ClientToScreen
 0001:0003A360       Clipboard
 0001:0003A38C       Clipbrd
 0001:00003E48       CloseClipboard
 0001:00003AC0       CloseHandle
 0002:0000101C       CmdLine
 0002:00001018       CmdShow
 0002:00000820       Codes
 0002:00000898       Codes
 0001:000084B8       CollectionsEqual
 0001:00018784       ColorToIdent
 0001:00018774       ColorToRGB
 0002:00000880       ColumnClicks
 0001:0003D858       CompareExts
 0001:00008400       CompareMem
 0001:0003D900       CompareSizes
 0001:00003AC8       CompareString
 0001:00004A44       CompareText
 0001:0000AC8C       ComponentCreated
 0001:00033F54       ConcPath
 0001:00040844       ConMan
 0002:0000979C       ConManForm
 0002:0000966C       Containers
 0001:00017600       Controls
 0002:0000166C       CopyBuf
 0001:00003C48       CopyEnhMetaFile
 0001:00037744       CopyFileData
 0001:0001BF5C       CopyPalette
 0001:00034520       CoTaskMemFree
 0001:00003C50       CreateBitmap
 0001:00003C58       CreateBrushIndirect
 0001:00003C60       CreateCompatibleBitmap
 0001:00003C68       CreateCompatibleDC
 0001:0000AD0C       CreateComponent
 0001:00003C70       CreateDIBitmap
 0001:00003AD0       CreateFile
 0001:00003C78       CreateFontIndirect
 0001:00003E50       CreateIcon
 0001:00003E58       CreateMenu
 0001:0002BA64       CreateMessageDialog
 0001:00003C80       CreatePalette
 0001:00003C88       CreatePenIndirect
 0001:00003E60       CreatePopupMenu
 0001:00003C90       CreateRectRgn
 0001:00003C98       CreateSolidBrush
 0001:00003AD8       CreateThread
 0001:000042F0       CreateWindow
 0001:00003E68       CreateWindowEx
 0002:00000244       CreationControl
 0002:00000548       Ctl3DBtnWndProc
 0002:00000550       Ctl3DCtlColorEx
 0002:0000054C       Ctl3DDlgFramePaint
 0002:000014A0       CurrencyDecimals
 0002:0000149C       CurrencyFormat
 0002:00001498       CurrencyString
 0001:00011300       CursorToIdent
 0002:000014A1       DateSeparator
 0001:00005790       DateTimeToTimeStamp
 0001:0001E760       DeallocateHWnd
 0002:00000004       DebugHook
 0002:0000149F       DecimalSeparator
 0001:0000588C       DecodeTime
 0001:000325D4       DefaultListViewSort
 0001:0002EDF4       DefaultTreeViewSort
 0001:00003E70       DefFrameProc
 0001:00003E78       DefMDIChildProc
 0001:00003E80       DefWindowProc
 0001:00003CA0       DeleteDC
 0001:00003CA8       DeleteEnhMetaFile
 0001:00004F14       DeleteFile
 0001:00003AE0       DeleteFile
 0001:00003E88       DeleteMenu
 0001:00003CB0       DeleteObject
 0001:00003E90       DestroyCursor
 0001:00003E98       DestroyIcon
 0001:00003EA0       DestroyMenu
 0001:00003EA8       DestroyWindow
 0001:0002C028       Dialogs
 0001:00038DB4       DirectoryExists
 0001:0001E0A4       DisableTaskWindows
 0001:00003EB0       DispatchMessage
 0001:0003A6D0       DispInvoke
 0001:0003A984       DispInvokeError
 0001:00034538       DoDragDrop
 0001:0001E544       DoneCtl3D
 0001:00008F40       DoWrite
 0001:0000D688       DoWriteLeft
 0001:0000D6C0       DoWriteTop
 0001:00034548       DragAcceptFiles
 0001:00034550       DragFinish
 0001:0003BB54       DragOut
 0001:00034558       DragQueryFile
 0002:00000818       DragStyles
 0001:00003EB8       DrawFocusRect
 0001:00003EC0       DrawIcon
 0001:00003EC8       DrawMenuBar
 0001:00003ED0       DrawText
 0002:00000808       EditStyles
 0002:00000838       EditStyles
 0001:00003ED8       EmptyClipboard
 0001:00003EE0       EnableMenuItem
 0001:0001E158       EnableTaskWindows
 0001:00003EE8       EnableWindow
 0001:0000584C       EncodeTime
 0001:000082E0       EndGlobalLoading
 0001:00003EF0       EndPaint
 0001:00003EF8       EnumClipboardFormats
 0001:00003CB8       EnumFonts
 0001:00003F00       EnumThreadWindows
 0001:0000A7A4       EnumValue
 0001:00003F08       EnumWindows
 0001:0003AB88       EOleException.Create
 0001:0003AAD8       EOleSysError.Create
 0001:00006148       EOutOfMemory.Destroy
 0001:00006154       EOutOfMemory.FreeInstance
 0001:00003F10       EqualRect
 0002:00009798       ErrForm
 0001:0000A2D0       Error
 0002:0000102C       ErrorAddr
 0002:00001004       ErrorProc
 0001:00005E28       ExceptAddr
 0002:00001008       ExceptClsProc
 0001:00005FD8       Exception.Create
 0001:00006108       Exception.CreateHelp
 0001:0000600C       Exception.CreateRes
 0001:0000607C       Exception.CreateResFmt
 0002:00001010       ExceptionClass
 0001:00005E08       ExceptObject
 0002:0000100C       ExceptObjProc
 0002:00001000       ExceptProc
 0001:00003CC0       ExcludeClipRect
 0002:00001024       ExitCode
 0002:00001028       ExitProc
 0001:000385B8       ExtractExt
 0001:00005058       ExtractFileExt
 0001:00005020       ExtractFileName
 0001:00004FE8       ExtractFilePath
 0001:00038634       ExtractName
 0001:000042B8       Failed
 0001:00004DB8       FileAge
 0001:00004DB0       FileClose
 0001:00004D28       FileCreate
 0001:00004E20       FileExists
 0002:00001037       FileMode
 0001:00004CE8       FileOpen
 0001:000386F0       FileOperations
 0001:00004D4C       FileRead
 0002:00000190       FilerSignature
 0001:00004DA4       FileSeek
 0001:00003AE8       FileTimeToDosDateTime
 0001:00003AF0       FileTimeToLocalFileTime
 0001:00004D78       FileWrite
 0001:00003F18       FillRect
 0001:000386B0       Finalization
 0001:0003C100       finalization
 0001:0003BB4C       finalization
 0001:0000DA78       finalization
 0001:0000C2B4       FindAncestor
 0001:00007F8C       FindClass
 0001:00004F04       FindClose
 0001:00003AF8       FindClose
 0001:00011150       FindControl
 0001:00011B54       FindDragTarget
 0001:0000ADFC       FindExistingComponent
 0001:00007FAC       FindFieldClass
 0001:00004E94       FindFirst
 0001:00003B00       FindFirstFile
 0002:00001560       FindGlobalComponent
 0001:00004EE0       FindNext
 0001:00003B08       FindNextFile
 0001:00003B10       FindResource
 0001:0000B930       FindUniqueName
 0001:00011B20       FindVCLWindow
 0001:000069E6       FloatToDecimal
 0001:0000644A       FloatToText
 0001:00006713       FloatToTextFmt
 0001:00004C8C       FmtLoadStr
 0001:0000572C       FmtStr
 0001:00005718       Format
 0001:000053A8       FormatBuf
 0001:00003B18       FormatMessage
 0001:00024124       Forms
 0001:000036F8       FPower10
 0001:0002A500       Frame3D
 0001:00003F20       FrameRect
 0001:0000DA44       FreeIntConstList
 0001:00003B20       FreeLibrary
 0001:0001BAFC       FreeMemoryContexts
 0001:0001E698       FreeObjectInstance
 0001:00003B28       FreeResource
 0001:00003F28       GetActiveWindow
 0001:00003CC8       GetBitmapBits
 0001:00003F30       GetCapture
 0001:000113F4       GetCaptureControl
 0001:00007F2C       GetClass
 0001:00003F38       GetClassInfo
 0001:00003F40       GetClientRect
 0001:00003F48       GetClipboardData
 0001:00003CD0       GetClipBox
 0001:0000CE4C       GetComponentValue
 0001:00003CD8       GetCurrentPositionEx
 0001:00003B30       GetCurrentProcess
 0001:00003B38       GetCurrentProcessId
 0001:00003B40       GetCurrentThreadId
 0001:00003F50       GetCursor
 0001:00003F58       GetCursorPos
 0001:00003F60       GetDC
 0001:00003F68       GetDCEx
 0001:00003F70       GetDesktopWindow
 0001:00003CE8       GetDeviceCaps
 0001:00003CE0       GetDIBits
 0001:00039360       GetDirAt
 0001:00003CF0       GetEnhMetaFileBits
 0001:00003CF8       GetEnhMetaFileHeader
 0001:00003D00       GetEnhMetaFilePaletteEntries
 0001:00006D24       GetEnumName
 0001:00006D60       GetEnumValue
 0001:00007EB0       GetFieldClassTable
 0001:00003B48       GetFileAttributes
 0001:00007108       GetFloatProp
 0001:00003F78       GetFocus
 0001:00003F80       GetForegroundWindow
 0001:00005B20       GetFormatSettings
 0001:00003F88       GetIconInfo
 0001:00003F90       GetKeyNameText
 0001:00003F98       GetKeyState
 0001:00036018       GetLABResType
 0001:00003FA0       GetLastActivePopup
 0001:00003B50       GetLastError
 0001:000322B4       GetLength
 0001:000059B4       GetLocaleChar
 0001:00003B60       GetLocaleInfo
 0001:00005968       GetLocaleStr
 0001:00003B58       GetLocalTime
 0001:000113B0       GetLongHint
 0001:00003FA8       GetMenu
 0001:00003FB0       GetMenuItemCount
 0001:00003FB8       GetMenuState
 0001:00003FC0       GetMenuString
 0001:00007200       GetMethodProp
 0001:00003B68       GetModuleFileName
 0001:00003D08       GetObject
 0001:00024130       GetOpenFileName
 0001:00006E94       GetOrdProp
 0001:00003D10       GetPaletteEntries
 0001:00003FC8       GetParent
 0001:0001E8B0       GetParentForm
 0001:00003B70       GetProcAddress
 0001:00003FD0       GetProp
 0001:00006DA8       GetPropInfo
 0001:00006E14       GetPropInfos
 0001:000377A8       GetQuote
 0001:00024138       GetSaveFileName
 0001:00003FD8       GetScrollPos
 0001:0003FDA0       GetShellExecuteError
 0001:0001136C       GetShortHint
 0001:00003D18       GetStockObject
 0001:00007088       GetStrProp
 0001:00003FE0       GetSubMenu
 0001:00003FE8       GetSysColor
 0001:00003B78       GetSystemDefaultLCID
 0001:00003FF0       GetSystemMenu
 0001:00003FF8       GetSystemMetrics
 0001:00003D20       GetSystemPaletteEntries
 0001:00003B80       GetTempPath
 0001:00003D28       GetTextExtentPoint
 0001:00003D30       GetTextMetrics
 0001:00006D18       GetTypeData
 0001:00003B88       GetVersion
 0001:00003B90       GetVersionEx
 0001:00004000       GetWindow
 0001:00004008       GetWindowLong
 0001:00003D40       GetWindowOrgEx
 0001:00004010       GetWindowPlacement
 0001:00004018       GetWindowRect
 0001:00004020       GetWindowRgn
 0001:00004028       GetWindowText
 0001:00004030       GetWindowThreadProcessId
 0001:00003D38       GetWinMetaFileBits
 0001:00003B98       GlobalAddAtom
 0001:00003BA0       GlobalAlloc
 0001:00004278       GlobalAllocPtr
 0001:00003BA8       GlobalDeleteAtom
 0002:0000156C       GlobalFixupList
 0001:0000A5C0       GlobalFixupReferences
 0001:00003BB0       GlobalFree
 0001:000042A4       GlobalFreePtr
 0001:00003BC0       GlobalHandle
 0002:00001568       GlobalLists
 0002:00001564       GlobalLoaded
 0001:00003BB8       GlobalLock
 0001:00003BC8       GlobalReAlloc
 0001:00004288       GlobalReAllocPtr
 0001:00003BD0       GlobalUnlock
 0002:000008B0       GUID_NULL
 0001:0000B2C8       HandleException
 0002:00000000       HeapAllocFlags
 0001:0000426C       HiByte
 0002:00000810       HideSelections
 0002:00000848       HideSelections
 0002:00001014       HInstance
 0002:00000554       HintWindowClass
 0002:00009670       i
 0001:00034494       IDataObject.DAdvise
 0001:0003449C       IDataObject.DUnadvise
 0001:000344A4       IDataObject.EnumDAdvise
 0001:0003448C       IDataObject.EnumFormatEtc
 0001:0003447C       IDataObject.GetCanonicalFormatEtc
 0001:00034464       IDataObject.GetData
 0001:0003446C       IDataObject.GetDataHere
 0001:00034474       IDataObject.QueryGetData
 0001:00034484       IDataObject.SetData
 0001:000187B4       IdentToColor
 0001:00011334       IdentToCursor
 0001:00034508       IDropSource.GiveFeedback
 0001:00034500       IDropSource.QueryContinueDrag
 0001:000343EC       IEnumFormatEtc.Clone
 0001:000343D4       IEnumFormatEtc.Next
 0001:000343E4       IEnumFormatEtc.Reset
 0001:000343DC       IEnumFormatEtc.Skip
 0002:000008E0       IID_IDataObject
 0002:000008F0       IID_IDropSource
 0002:000008D0       IID_IEnumFormatEtc
 0002:000008C0       IID_IUnknown
 0001:0000DB3C       ImageList_Add
 0001:0000DB5C       ImageList_AddIcon
 0001:0000DB7C       ImageList_BeginDrag
 0001:0000DB24       ImageList_Create
 0001:0000DB2C       ImageList_Destroy
 0001:0000DB8C       ImageList_DragEnter
 0001:0000DB94       ImageList_DragLeave
 0001:0000DB9C       ImageList_DragMove
 0001:0000DBAC       ImageList_DragShowNolock
 0001:0000DB6C       ImageList_Draw
 0001:0000DB84       ImageList_EndDrag
 0001:0000DB54       ImageList_GetBkColor
 0001:0000DBB4       ImageList_GetDragImage
 0001:0000DBBC       ImageList_GetIconSize
 0001:0000DB34       ImageList_GetImageCount
 0001:0000DBCC       ImageList_GetImageInfo
 0001:0000DB74       ImageList_Remove
 0001:0000DB44       ImageList_ReplaceIcon
 0001:0000DB4C       ImageList_SetBkColor
 0001:0000DBA4       ImageList_SetDragCursorImage
 0001:0000DBC4       ImageList_SetIconSize
 0001:0000DB68       IndexToOverlayMask
 0001:0000DC00       IndexToStateImageMask
 0001:00004038       InflateRect
 0001:0000DB1C       InitCommonControls
 0001:00008310       InitComponent
 0001:0001E318       InitCtl3D
 0001:0001D024       InitGraphics
 0001:000083A8       InitInheritedComponent
 0002:00001020       InitProc
 0001:00011098       InitWndProc
 0002:0000103C       Input
 0001:00004040       InsertMenu
 0001:00004048       InsertMenuItem
 0002:0000019C       IntConstList
 0001:00008208       InternalReadComponentRes
 0001:00003D48       IntersectClipRect
 0001:00004050       IntersectRect
 0001:00004C00       IntToHex
 0001:00004BD0       IntToStr
 0001:00004058       InvalidateRect
 0001:0001E810       IsAccel
 0001:00004060       IsClipboardFormatAvailable
 0002:00001035       IsConsole
 0001:00037E78       IsContainer
 0001:0000CCC4       IsDefault
 0001:0000CDBC       IsDefault
 0001:0000D0AC       IsDefaultValue
 0001:0000CC20       IsDefaultValue
 0001:0000CAF8       IsDefaultValue
 0001:00004068       IsDialogMessage
 0001:00034510       IsEqualIID
 0001:00004070       IsIconic
 0001:000393A0       IsLastinPath
 0002:00001034       IsLibrary
 0002:00001036       IsMultiThread
 0001:00004078       IsRectEmpty
 0001:00006E64       IsStoredProp
 0001:00004B6C       IsValidIdent
 0001:00004080       IsWindow
 0001:00004088       IsWindowEnabled
 0001:00004090       IsWindowVisible
 0001:00004098       IsZoomed
 0001:00034364       IUnknown.AddRef
 0001:0003435C       IUnknown.QueryInterface
 0001:0003436C       IUnknown.Release
 0001:0001E7D4       KeyDataToShiftState
 0001:0001E780       KeysToShiftState
 0001:000040A0       KillTimer
 0002:000007F0       LineStyles
 0001:000381CC       LineWidth
 0001:0000859C       ListError
 0001:000085B4       ListIndexError
 0001:0000DD00       ListView_Arrange
 0001:0000DDB0       ListView_CreateDragImage
 0001:0000DC64       ListView_DeleteAllItems
 0001:0000DD74       ListView_DeleteColumn
 0001:0000DC4C       ListView_DeleteItem
 0001:0000DC9C       ListView_FindItem
 0001:0000DD2C       ListView_GetColumn
 0001:0000DD18       ListView_GetEditControl
 0001:0000DC04       ListView_GetItem
 0001:0000DBF0       ListView_GetItemCount
 0001:0000DCAC       ListView_GetItemRect
 0001:0000DE2C       ListView_GetItemState
 0001:0000DC78       ListView_GetNextItem
 0001:0000DE98       ListView_GetSelectedCount
 0001:0000DCD4       ListView_HitTest
 0001:0000DD64       ListView_InsertColumn
 0001:0000DC34       ListView_InsertItem
 0001:0000DCE4       ListView_RedrawItems
 0001:0000DD48       ListView_SetColumn
 0001:0000DD8C       ListView_SetColumnWidth
 0001:0000DBD4       ListView_SetImageList
 0001:0000DC1C       ListView_SetItem
 0001:0000DE6C       ListView_SetItemCount
 0001:0000DDFC       ListView_SetItemState
 0001:0000DE3C       ListView_SetItemText
 0001:0000DDE4       ListView_SetTextBkColor
 0001:0000DDCC       ListView_SetTextColor
 0001:0000DE7C       ListView_SortItems
 0001:000040A8       LoadCursor
 0001:000040B0       LoadIcon
 0001:00003BD8       LoadLibrary
 0001:00003BE0       LoadResource
 0001:00004C54       LoadStr
 0001:000040B8       LoadString
 0001:00003BE8       LockResource
 0002:000014A8       LongDateFormat
 0002:0000153C       LongDayNames
 0002:000014F0       LongMonthNames
 0002:000014BC       LongTimeFormat
 0001:00004A08       LowerCase
 0001:00003C38       lstrcmp
 0002:0000155C       MainThreadID
 0001:00004260       MakeLong
 0001:0001E600       MakeObjectInstance
 0001:000040C0       MapVirtualKey
 0001:000040C8       MapWindowPoints
 0001:00010044       Menus
 0001:000040D0       MessageBox
 0001:0002BEC0       MessageDlgPos
 0001:0000888C       Min
 0001:000016EC       Move
 0001:00003BF0       MoveFile
 0002:00009794       MoveForm
 0001:00003D50       MoveToEx
 0001:00011BE0       MoveWindowOrg
 0001:00033FAC       MsgBox
 0001:00003BF8       MulDiv
 0002:00000840       MultiSelections
 0002:0000149D       NegCurrFormat
 0002:000015C4       NewStyleControls
 0002:000001A0       NilMethod
 0001:000082B4       NotifyGlobalLoading
 0002:000013F0       Null
 0001:000040D8       OemToAnsi
 0001:000040E0       OffsetRect
 0001:0003B0A0       OleAuto
 0001:0003A51C       OleCheck
 0001:0003A504       OleError
 0001:00034528       OleInitialize
 0001:00002AF0       OleStrToStrVar
 0001:00034530       OleUninitialize
 0001:000040E8       OpenClipboard
 0001:00037E8C       OpenContainer
 0001:0003801C       OpenFileRead
 0001:00038154       OpenFileWrite
 0002:00001208       Output
 0001:000183D8       PaletteChanged
 0001:00001798       ParamCount
 0001:000017FC       ParamStr
 0001:00037924       ParseMasks
 0001:00003D58       PatBlt
 0001:000040F0       PeekMessage
 0001:00003D60       PlayEnhMetaFile
 0001:00007E60       Point
 0001:000042D8       PointToSmallPoint
 0001:00003D68       Polyline
 0001:000040F8       PostMessage
 0001:00004100       PostQuitMessage
 0001:0000E0E8       Printers
 0002:00001668       Progress
 0001:0000A798       PropertyNotFound
 0001:0000B3B4       PropPathError
 0001:0000A78C       PropValueError
 0001:00004108       PtInRect
 0002:00001030       RandSeed
 0001:0000A774       ReadError
 0001:00003C00       ReadFile
 0001:00003D70       RealizePalette
 0002:00009788       Recents
 0001:0000ACAC       Recover
 0001:00007E78       Rect
 0001:00003D80       Rectangle
 0001:00003D78       RectVisible
 0002:0000978C       reg
 0001:00003A80       RegCloseKey
 0001:00003A88       RegCreateKeyEx
 0001:00003A90       RegDeleteKey
 0001:00003A98       RegFlushKey
 0001:00008074       RegisterClass
 0001:00004110       RegisterClass
 0001:0000813C       RegisterClasses
 0001:00004118       RegisterClipboardFormat
 0001:000081DC       RegisterIntegerConsts
 0001:00004120       RegisterWindowMessage
 0001:00003AA0       RegOpenKeyEx
 0001:00003AA8       RegQueryValueEx
 0001:00003AB0       RegSetValue
 0001:00003AB8       RegSetValueEx
 0001:00004128       ReleaseCapture
 0001:00004130       ReleaseDC
 0001:0000A714       RemoveFixupReferences
 0001:00004138       RemoveMenu
 0001:00004140       RemoveProp
 0001:00004F2C       RenameFile
 0001:00003D88       RestoreDC
 0002:000007F8       RootStyles
 0002:00009688       s
 0001:00003D90       SaveDC
 0002:0000162C       Screen
 0001:00004148       ScreenToClient
 0001:00004150       ScrollWindow
 0001:00003D98       SelectObject
 0001:00003DA0       SelectPalette
 0001:0001116C       SendAppMessage
 0001:00004158       SendMessage
 0001:00004160       SetActiveWindow
 0001:0001E590       SetAutoSubClass
 0001:00003DA8       SetBkColor
 0001:00003DB0       SetBkMode
 0001:00004168       SetCapture
 0001:0001141C       SetCaptureControl
 0001:00004170       SetClipboardData
 0001:0000AD84       SetCompName
 0001:00004178       SetCursor
 0001:00003DB8       SetEnhMetaFileBits
 0001:00003C08       SetErrorMode
 0001:00003C10       SetFilePointer
 0001:00007168       SetFloatProp
 0001:00004180       SetFocus
 0001:00004188       SetForegroundWindow
 0001:0000B5A0       SetIntIdent
 0001:00004190       SetMenu
 0001:00007240       SetMethodProp
 0001:0000B608       SetObjectIdent
 0001:00006F04       SetOrdProp
 0001:00004198       SetProp
 0001:000041A0       SetRect
 0001:00003DC0       SetROP2
 0001:000041A8       SetScrollInfo
 0001:000041B0       SetScrollPos
 0001:00003DC8       SetStretchBltMode
 0001:000070C0       SetStrProp
 0001:00003DD0       SetTextColor
 0001:000041B8       SetTimer
 0001:00003DD8       SetViewportOrgEx
 0001:000041C0       SetWindowLong
 0001:00003DE8       SetWindowOrgEx
 0001:000041C8       SetWindowPlacement
 0001:000041D0       SetWindowPos
 0001:000041E8       SetWindowRgn
 0001:000041E0       SetWindowsHookEx
 0001:000041D8       SetWindowText
 0001:00003DE0       SetWinMetaFileBits
 0001:00034560       ShellExecute
 0001:0000E7F4       ShortCutToText
 0002:000014A4       ShortDateFormat
 0002:00001520       ShortDayNames
 0002:000014C0       ShortMonthNames
 0002:000014B8       ShortTimeFormat
 0002:00000878       ShowColumns
 0001:000041F0       ShowCursor
 0001:00005E54       ShowException
 0001:0002BF50       ShowMessage
 0001:0002BF5C       ShowMessagePos
 0001:000041F8       ShowOwnedPopups
 0001:00004200       ShowWindow
 0001:00003C18       SizeofResource
 0001:0000BE18       SkipBinary
 0001:0000BDC4       SkipBytes
 0001:0000BD9C       SkipList
 0001:0003B2CC       Slist2Hdrop
 0001:00007E68       SmallPoint
 0001:000042C4       SmallPointToPoint
 0001:000052E8       StrAlloc
 0001:000052FC       StrBufSize
 0001:000051D8       StrComp
 0001:00005110       StrCopy
 0001:00005334       StrDispose
 0001:00008420       StreamsEqual
 0001:00005138       StrECopy
 0001:000050C0       StrEnd
 0001:00003DF0       StretchBlt
 0001:00003DF8       StretchDIBits
 0001:000056B0       StrFmt
 0001:00034518       StringFromCLSID
 0001:00002B0C       StringToOleStr
 0001:000051FC       StrLComp
 0001:00005164       StrLCopy
 0001:000050A8       StrLen
 0001:000056E4       StrLFmt
 0001:000050D4       StrMove
 0001:00005308       StrNew
 0001:000052D4       StrPas
 0001:00005198       StrPCopy
 0001:000051B8       StrPLCopy
 0001:00005268       StrPos
 0001:00005244       StrRScan
 0001:00005224       StrScan
 0001:00004C3C       StrToIntDef
 0001:000052B4       StrUpper
 0001:0001E568       Subclass3DDlg
 0001:0000591C       SysErrorMessage
 0001:000011B8       SysFreeMem
 0001:00034540       SysFreeString
 0001:00001030       SysGetMem
 0001:0000152C       SysReallocMem
 0001:000039CC       System
 0001:00004208       SystemParametersInfo
 0001:00006CD4       SysUtils
 0001:00023EC4       TApplication.ActivateHint
 0001:000233EC       TApplication.BringToFront
 0001:00023E9C       TApplication.CancelHint
 0001:00022D14       TApplication.CheckIniChange
 0001:00022B58       TApplication.ControlDestroyed
 0001:00022838       TApplication.Create
 0001:00023724       TApplication.CreateForm
 0001:00022A20       TApplication.CreateHandle
 0001:0002299C       TApplication.Destroy
 0001:00023324       TApplication.GetIconHandle
 0001:00023428       TApplication.GetTitle
 0001:0002382C       TApplication.HandleException
 0001:00023628       TApplication.HandleMessage
 0001:00023A64       TApplication.HelpCommand
 0001:00023A58       TApplication.HelpContext
 0001:00023A6C       TApplication.HelpJump
 0001:00023E60       TApplication.HideHint
 0001:00023D70       TApplication.HintMouseMessage
 0001:00023E2C       TApplication.HintTimerExpired
 0001:00023640       TApplication.HookMainWindow
 0001:00023C88       TApplication.IconChanged
 0001:00023B24       TApplication.Idle
 0001:00023714       TApplication.Initialize
 0001:000239BC       TApplication.InvokeHelp
 0001:00023470       TApplication.IsDlgMsg
 0001:00023548       TApplication.IsHintMsg
 0001:000234E4       TApplication.IsKeyMsg
 0001:00023494       TApplication.IsMDIMsg
 0001:000238B8       TApplication.MessageBox
 0001:00023340       TApplication.Minimize
 0001:00022C30       TApplication.NormalizeTopMosts
 0001:00023C4C       TApplication.NotifyForms
 0001:00023578       TApplication.ProcessMessage
 0001:00023388       TApplication.Restore
 0001:00022CC0       TApplication.RestoreTopMosts
 0001:000237B4       TApplication.Run
 0001:00023CD8       TApplication.SetHint
 0001:00023AE4       TApplication.SetShowHint
 0001:0002392C       TApplication.ShowException
 0001:00023D10       TApplication.StartHintTimer
 0001:00023D54       TApplication.StopHintTimer
 0001:00023824       TApplication.Terminate
 0001:00023698       TApplication.UnhookMainWindow
 0001:00022DB8       TApplication.WndProc
 0001:0003AF58       TAutomation.Create
 0001:0003B020       TAutomation.Destroy
 0001:0003B04C       TAutomation.Initialize
 0001:0003B070       TAutomation.UpdateRegistry
 0001:0001C080       TBitmap.Assign
 0001:0001C1B4       TBitmap.Changing
 0001:0001C0EC       TBitmap.CopyImage
 0001:0001C008       TBitmap.Create
 0001:0001C050       TBitmap.Destroy
 0001:0001C1BC       TBitmap.Draw
 0001:0001C444       TBitmap.FreeContext
 0001:0001C35C       TBitmap.FreeImage
 0001:0001C3B4       TBitmap.GetCanvas
 0001:0001C39C       TBitmap.GetEmpty
 0001:0001C3F4       TBitmap.GetHandle
 0001:0001C418       TBitmap.GetHeight
 0001:0001C420       TBitmap.GetMonochrome
 0001:0001C428       TBitmap.GetPalette
 0001:0001C43C       TBitmap.GetWidth
 0001:0001C454       TBitmap.HandleNeeded
 0001:0001C574       TBitmap.LoadFromClipboardFormat
 0001:0001C684       TBitmap.LoadFromStream
 0001:0001C488       TBitmap.MemoryImageNeeded
 0001:0001C6B4       TBitmap.NewImage
 0001:0001C53C       TBitmap.PaletteNeeded
 0001:0001C768       TBitmap.ReadData
 0001:0001C798       TBitmap.ReadStream
 0001:0001C85C       TBitmap.ReadStreamDIB
 0001:0001CB78       TBitmap.SaveToClipboardFormat
 0001:0001CB70       TBitmap.SaveToStream
 0001:0001C994       TBitmap.SetHandle
 0001:0001CA64       TBitmap.SetHeight
 0001:0001CA94       TBitmap.SetWidth
 0001:0001CAC4       TBitmap.WriteData
 0001:0001CACC       TBitmap.WriteStream
 0001:0001BCBC       TBitmapImage.FreeHandle
 0001:0000884C       TBits.Destroy
 0001:00008874       TBits.Error
 0001:00008968       TBits.OpenBit
 0001:0000893C       TBits.SetBit
 0001:00008898       TBits.SetSize
 0001:00018D38       TBrush.Assign
 0001:00018CDC       TBrush.Create
 0001:00018D14       TBrush.Destroy
 0001:00018D9C       TBrush.GetColor
 0001:00018D6C       TBrush.GetData
 0001:00018DD8       TBrush.GetHandle
 0001:00018E54       TBrush.GetStyle
 0001:00018DA4       TBrush.SetColor
 0001:00018D8C       TBrush.SetData
 0001:00018E5C       TBrush.SetStyle
 0001:00028A60       TButton.Click
 0001:00028BD8       TButton.CMDialogChar
 0001:00028B70       TButton.CMDialogKey
 0001:00028C58       TButton.CMFocusChanged
 0001:00028B5C       TButton.CNCommand
 0001:00028A00       TButton.Create
 0001:00028B08       TButton.CreateParams
 0001:00028B44       TButton.CreateWnd
 0001:00028A84       TButton.SetButtonStyle
 0001:00028AD8       TButton.SetDefault
 0001:00028994       TButtonControl.WndProc
 0001:00019524       TCanvas.BrushChanged
 0001:000193F8       TCanvas.Changed
 0001:000193E4       TCanvas.Changing
 0001:00018F7C       TCanvas.CopyRect
 0001:00018E90       TCanvas.Create
 0001:00019468       TCanvas.CreateBrush
 0001:0001940C       TCanvas.CreateFont
 0001:00019308       TCanvas.CreateHandle
 0001:00019438       TCanvas.CreatePen
 0001:000192AC       TCanvas.DeselectHandles
 0001:00018F30       TCanvas.Destroy
 0001:00019004       TCanvas.FillRect
 0001:000194E4       TCanvas.FontChanged
 0001:0001928C       TCanvas.GetHandle
 0001:00019248       TCanvas.GetPenPos
 0001:00019040       TCanvas.MoveTo
 0001:00019504       TCanvas.PenChanged
 0001:0001906C       TCanvas.Polyline
 0001:000190A4       TCanvas.Rectangle
 0001:00019360       TCanvas.RequiredState
 0001:0001923C       TCanvas.SetBrush
 0001:00019224       TCanvas.SetFont
 0001:0001930C       TCanvas.SetHandle
 0001:00019230       TCanvas.SetPen
 0001:0001926C       TCanvas.SetPenPos
 0001:000190EC       TCanvas.StretchDraw
 0001:000191DC       TCanvas.TextHeight
 0001:00019128       TCanvas.TextOut
 0001:00019198       TCanvas.TextWidth
 0001:000174B4       TChangeLink.Change
 0001:00017484       TChangeLink.Destroy
 0001:00039E28       TClipboard.Adding
 0001:0003A1B0       TClipboard.Assign
 0001:0003A12C       TClipboard.AssignGraphic
 0001:0003A0A8       TClipboard.AssignPicture
 0001:0003A044       TClipboard.AssignTo
 0001:00039F7C       TClipboard.AssignToBitmap
 0001:00039FE0       TClipboard.AssignToMetafile
 0001:00039ECC       TClipboard.AssignToPicture
 0001:00039DE4       TClipboard.Clear
 0001:00039E44       TClipboard.Close
 0001:0003A1FC       TClipboard.GetAsHandle
 0001:0003A328       TClipboard.HasFormat
 0001:00039E70       TClipboard.Open
 0001:0003A250       TClipboard.SetAsHandle
 0001:00039EAC       TClipboard.WndProc
 0001:00008C20       TCollection.Add
 0001:00008C2C       TCollection.Assign
 0001:00008CC0       TCollection.BeginUpdate
 0001:00008CC4       TCollection.Changed
 0001:00008CD4       TCollection.Clear
 0001:00008BB4       TCollection.Create
 0001:00008BEC       TCollection.Destroy
 0001:00008D3C       TCollection.EndUpdate
 0001:00008D48       TCollection.GetCount
 0001:00008D50       TCollection.GetItem
 0001:00008D5C       TCollection.InsertItem
 0001:00008D94       TCollection.RemoveItem
 0001:00008DB4       TCollection.Update
 0001:00008B20       TCollectionItem.Changed
 0001:00008AD0       TCollectionItem.Create
 0001:00008B00       TCollectionItem.Destroy
 0001:00008B44       TCollectionItem.GetIndex
 0001:00008B5C       TCollectionItem.SetCollection
 0001:00008B84       TCollectionItem.SetIndex
 0001:0002B1DC       TCommonDialog.Create
 0001:0002B210       TCommonDialog.Message
 0001:0002B234       TCommonDialog.TaskModalDialog
 0001:0000D920       TComponent.ChangeName
 0001:0000D398       TComponent.Create
 0001:0000D6F8       TComponent.DefineProperties
 0001:0000D3DC       TComponent.Destroy
 0001:0000D5B8       TComponent.DestroyComponents
 0001:0000D5E4       TComponent.Destroying
 0001:0000D848       TComponent.FindComponent
 0001:0000D450       TComponent.FreeNotification
 0001:0000D788       TComponent.GetChildOwner
 0001:0000D78C       TComponent.GetChildParent
 0001:0000D780       TComponent.GetChildren
 0001:0000D934       TComponent.GetComponent
 0001:0000D958       TComponent.GetComponentCount
 0001:0000D794       TComponent.GetParentComponent
 0001:0000D77C       TComponent.HasParent
 0001:0000D4DC       TComponent.Insert
 0001:0000D530       TComponent.InsertComponent
 0001:0000D7B4       TComponent.Loaded
 0001:0000D61C       TComponent.Notification
 0001:0000D49C       TComponent.ReadLeft
 0001:0000D7C0       TComponent.ReadState
 0001:0000D4B0       TComponent.ReadTop
 0001:0000D508       TComponent.Remove
 0001:0000D578       TComponent.RemoveComponent
 0001:0000D790       TComponent.SetChildOrder
 0001:0000D968       TComponent.SetComponentIndex
 0001:0000D9BC       TComponent.SetDesigning
 0001:0000D898       TComponent.SetName
 0001:0000D798       TComponent.SetParentComponent
 0001:0000D9FC       TComponent.SetReference
 0001:0000D7A8       TComponent.Updated
 0001:0000D79C       TComponent.Updating
 0001:0000D7D0       TComponent.ValidateRename
 0001:0000D4C4       TComponent.WriteLeft
 0001:0000D7C8       TComponent.WriteState
 0001:0000D4D0       TComponent.WriteTop
 0001:0003D840       TConManForm.AboutContainermanager1Click
 0001:0003E6E0       TConManForm.AddFilesClick
 0001:000404F8       TConManForm.AddRecent
 0001:0003FABC       TConManForm.AssociatecontainerswithConMan1Click
 0001:0003D84C       TConManForm.ByName1Click
 0001:0003D930       TConManForm.BySize1Click
 0001:0003D8EC       TConManForm.ByType1Click
 0001:0003D77C       TConManForm.Close1Click
 0001:0003EA00       TConManForm.Copy1Click
 0001:0003E704       TConManForm.DeleteFilesClick
 0001:0003E3AC       TConManForm.DoAddFiles
 0001:0003D6FC       TConManForm.ExceptionHandler
 0001:0003DB34       TConManForm.ExtractFile
 0001:0003D944       TConManForm.ExtractfilesClick
 0001:0003DA1C       TConManForm.ExtractSelectedFiles
 0001:0003D6A0       TConManForm.FormCreate
 0001:0003D7A8       TConManForm.FormDestroy
 0001:0003EA8C       TConManForm.FormHide
 0001:0003EBBC       TConManForm.FormShow
 0001:0003EC18       TConManForm.GetCurPath
 0001:0003DF94       TConManForm.HelpTopics1Click
 0001:0003D714       TConManForm.IconArrage
 0001:0003DCE0       TConManForm.InvertSelection1Click
 0001:0003D394       TConManForm.LoadTree
 0001:0003DF60       TConManForm.LVDirColumnClick
 0001:000401E4       TConManForm.LVDirDblClick
 0001:000406FC       TConManForm.LVDirEdited
 0001:0003EAA8       TConManForm.LVDirMouseMove
 0001:0003F7C8       TConManForm.MakeLists
 0001:00040574       TConManForm.MoveFilesClick
 0001:0003DFB8       TConManForm.NewContainerClick
 0001:0003D784       TConManForm.Openanothercontainer1Click
 0001:0003D460       TConManForm.OpenFile
 0001:0003E9C8       TConManForm.Paste1Click
 0001:000407C0       TConManForm.PNResizeTVDirsMouseMove
 0001:0003DD40       TConManForm.ProcessHDrop
 0001:0003DC3C       TConManForm.Refresh1Click
 0001:00040400       TConManForm.RefreshRecents
 0001:00040554       TConManForm.ReopencontainerClick
 0001:0003DC94       TConManForm.SelectAll1Click
 0001:0003F930       TConManForm.SetStatusBar
 0001:0003EC8C       TConManForm.TVDirsChange
 0001:0003DF48       TConManForm.WMDropFiles
 0001:00038980       TContainerCreator.AddFile
 0001:00038FEC       TContainerCreator.Create
 0001:00039060       TContainerCreator.Destroy
 0001:00038978       TContainerCreator.PrepareHeader
 0001:00038988       TContainerCreator.ValidateName
 0001:00039560       TContainerFile.AddFile
 0001:00039984       TContainerFile.AddFiles
 0001:000394D8       TContainerFile.ChDir
 0001:00039874       TContainerFile.ClearIndex
 0001:00039100       TContainerFile.ColumnCount
 0001:000395D0       TContainerFile.CreateOpen
 0001:00039504       TContainerFile.DeleteFile
 0001:00038BF4       TContainerFile.DeleteFiles
 0001:000396B4       TContainerFile.Destroy
 0001:00039080       TContainerFile.Free
 0001:000390AC       TContainerFile.GetColName
 0001:00039090       TContainerFile.GetColWidth
 0001:00038BFC       TContainerFile.GetContainerCreator
 0001:000398B4       TContainerFile.GetFileInfo
 0001:00039920       TContainerFile.GetFullName
 0001:00039934       TContainerFile.GetShortName
 0001:000393BC       TContainerFile.ListDirs
 0001:00039740       TContainerFile.ListFiles
 0001:00039108       TContainerFile.OpenFile
 0001:00039254       TContainerFile.OpenFilebyFI
 0001:00038C0C       TContainerFile.Refresh
 0001:0003969C       TContainerFile.Reload
 0001:00038BEC       TContainerFile.RenameFile
 0001:00038C04       TContainerFile.RenameFiles
 0001:00012A40       TControl.BeginDrag
 0001:000126EC       TControl.BringToFront
 0001:00012228       TControl.ChangeScale
 0001:00012F84       TControl.CheckMenuPopup
 0001:00012E18       TControl.Click
 0001:000121B8       TControl.ClientToScreen
 0001:00013294       TControl.CMColorChanged
 0001:00013328       TControl.CMDesignHitTest
 0001:00013284       TControl.CMEnabledChanged
 0001:0001328C       TControl.CMFontChanged
 0001:000132F0       TControl.CMHitTest
 0001:000132F8       TControl.CMMouseEnter
 0001:00013310       TControl.CMMouseLeave
 0001:0001329C       TControl.CMParentColorChanged
 0001:000132D4       TControl.CMParentFontChanged
 0001:000132B8       TControl.CMParentShowHintChanged
 0001:0001325C       TControl.CMVisibleChanged
 0001:00011D04       TControl.Create
 0001:00012E34       TControl.DblClick
 0001:00012D00       TControl.DefaultHandler
 0001:00012DC8       TControl.DefineProperties
 0001:00011D8C       TControl.Destroy
 0001:00012B90       TControl.DoDragMsg
 0001:00012B64       TControl.DoEndDrag
 0001:00012E80       TControl.DoMouseDown
 0001:0001312C       TControl.DoMouseUp
 0001:00012B44       TControl.DoStartDrag
 0001:00012AD4       TControl.DragCanceled
 0001:00012B20       TControl.DragDrop
 0001:00012AD8       TControl.Dragging
 0001:00012AE4       TControl.DragOver
 0001:000125A4       TControl.FontChanged
 0001:00012084       TControl.GetBoundsRect
 0001:00012128       TControl.GetClientHeight
 0001:00012168       TControl.GetClientOrigin
 0001:000120CC       TControl.GetClientRect
 0001:000120E4       TControl.GetClientWidth
 0001:000127A4       TControl.GetDeviceContext
 0001:00011DD0       TControl.GetDragImages
 0001:000126B4       TControl.GetMouseCapture
 0001:00011DD4       TControl.GetPalette
 0001:00011DE0       TControl.GetParentComponent
 0001:00012F80       TControl.GetPopupMenu
 0001:00012510       TControl.GetText
 0001:000124D0       TControl.GetTextBuf
 0001:000124C0       TControl.GetTextLen
 0001:00011DD8       TControl.HasParent
 0001:0001291C       TControl.Invalidate
 0001:00012890       TControl.InvalidateControl
 0001:00012670       TControl.IsColorStored
 0001:000125E8       TControl.IsFontStored
 0001:000125F0       TControl.IsShowHintStored
 0001:00012E50       TControl.MouseDown
 0001:00013098       TControl.MouseMove
 0001:000130FC       TControl.MouseUp
 0001:00011F08       TControl.Notification
 0001:00011E08       TControl.PaletteChanged
 0001:00012C24       TControl.Perform
 0001:00012D78       TControl.ReadIsControl
 0001:00011E98       TControl.ReadState
 0001:00012940       TControl.Refresh
 0001:00012948       TControl.Repaint
 0001:00011E88       TControl.RequestAlign
 0001:000121E4       TControl.ScreenToClient
 0001:00012210       TControl.SendCancelMode
 0001:00011F34       TControl.SetAlign
 0001:00011F98       TControl.SetBounds
 0001:000120A4       TControl.SetBoundsRect
 0001:00012140       TControl.SetClientHeight
 0001:000123DC       TControl.SetClientSize
 0001:000120FC       TControl.SetClientWidth
 0001:00012654       TControl.SetColor
 0001:00012698       TControl.SetCursor
 0001:00011E84       TControl.SetDragMode
 0001:000124A8       TControl.SetEnabled
 0001:000125DC       TControl.SetFont
 0001:00012064       TControl.SetHeight
 0001:00012004       TControl.SetLeft
 0001:000126C4       TControl.SetMouseCapture
 0001:0001233C       TControl.SetName
 0001:00012424       TControl.SetParent
 0001:00012678       TControl.SetParentColor
 0001:00011DE4       TControl.SetParentComponent
 0001:000125F8       TControl.SetParentFont
 0001:00012634       TControl.SetParentShowHint
 0001:000124DC       TControl.SetPopupMenu
 0001:00012618       TControl.SetShowHint
 0001:00012540       TControl.SetText
 0001:000124EC       TControl.SetTextBuf
 0001:00012024       TControl.SetTop
 0001:0001246C       TControl.SetVisible
 0001:00012044       TControl.SetWidth
 0001:00012780       TControl.SetZOrder
 0001:00012700       TControl.SetZOrderPosition
 0001:0001292C       TControl.Update
 0001:00012C50       TControl.VisibleChanging
 0001:00013224       TControl.WMCancelMode
 0001:00012F2C       TControl.WMLButtonDblClk
 0001:00012EC4       TControl.WMLButtonDown
 0001:00013168       TControl.WMLButtonUp
 0001:00013070       TControl.WMMButtonDblClk
 0001:00013048       TControl.WMMButtonDown
 0001:00013204       TControl.WMMButtonUp
 0001:000130C0       TControl.WMMouseMove
 0001:00012F10       TControl.WMNCLButtonDown
 0001:00013020       TControl.WMRButtonDblClk
 0001:00012FF8       TControl.WMRButtonDown
 0001:000131DC       TControl.WMRButtonUp
 0001:00012C54       TControl.WndProc
 0001:00012D8C       TControl.WriteIsControl
 0001:00011C60       TControlCanvas.CreateHandle
 0001:00011C38       TControlCanvas.Destroy
 0001:00011CB8       TControlCanvas.FreeHandle
 0001:00011CEC       TControlCanvas.SetControl
 0001:0001E960       TControlScrollBar.Assign
 0001:0001EA40       TControlScrollBar.CalcAutoRange
 0001:0001EB78       TControlScrollBar.ControlSize
 0001:0001E914       TControlScrollBar.Create
 0001:0001ED94       TControlScrollBar.DoSetRange
 0001:0001EDC0       TControlScrollBar.IsRangeStored
 0001:0001EBF8       TControlScrollBar.NeedsScrollBarVisible
 0001:0001EC10       TControlScrollBar.ScrollMessage
 0001:0001ECD8       TControlScrollBar.SetPosition
 0001:0001EDAC       TControlScrollBar.SetRange
 0001:0001EDCC       TControlScrollBar.SetVisible
 0001:0001EDD8       TControlScrollBar.Update
 0001:00028584       TCustomComboBox.AdjustDropDown
 0001:00028734       TCustomComboBox.Change
 0001:00028060       TCustomComboBox.CMCancelMode
 0001:00028074       TCustomComboBox.CMCtl3DChanged
 0001:00028098       TCustomComboBox.CMParentColorChanged
 0001:000285F4       TCustomComboBox.CNCommand
 0001:00028838       TCustomComboBox.CNDrawItem
 0001:000288F8       TCustomComboBox.CNMeasureItem
 0001:00028198       TCustomComboBox.ComboWndProc
 0001:00027B50       TCustomComboBox.Create
 0001:00027DD8       TCustomComboBox.CreateParams
 0001:00027E48       TCustomComboBox.CreateWnd
 0001:00027C40       TCustomComboBox.Destroy
 0001:00027F70       TCustomComboBox.DestroyWnd
 0001:00028750       TCustomComboBox.DrawItem
 0001:000287FC       TCustomComboBox.DropDown
 0001:000280C0       TCustomComboBox.EditWndProc
 0001:00027CA8       TCustomComboBox.GetDroppedDown
 0001:00027D9C       TCustomComboBox.GetItemHeight
 0001:00027CF0       TCustomComboBox.GetItemIndex
 0001:0002817C       TCustomComboBox.ListWndProc
 0001:00028818       TCustomComboBox.MeasureItem
 0001:00027CCC       TCustomComboBox.SetDroppedDown
 0001:00027DC0       TCustomComboBox.SetItemHeight
 0001:00027DCC       TCustomComboBox.SetItems
 0001:00027D0C       TCustomComboBox.SetMaxLength
 0001:00027D44       TCustomComboBox.SetSorted
 0001:00027D58       TCustomComboBox.SetStyle
 0001:00027FB0       TCustomComboBox.WMCreate
 0001:00028030       TCustomComboBox.WMDeleteItem
 0001:00028018       TCustomComboBox.WMDrawItem
 0001:00027FD0       TCustomComboBox.WMEraseBkgnd
 0001:0002803C       TCustomComboBox.WMGetDlgCode
 0001:00028928       TCustomComboBox.WMLButtonDown
 0001:00028024       TCustomComboBox.WMMeasureItem
 0001:00028460       TCustomComboBox.WndProc
 0001:000163F4       TCustomControl.Create
 0001:00016448       TCustomControl.Destroy
 0001:000164D0       TCustomControl.Paint
 0001:0001647C       TCustomControl.PaintWindow
 0001:00016474       TCustomControl.WMPaint
 0001:00027150       TCustomEdit.AdjustHeight
 0001:000271F8       TCustomEdit.Change
 0001:00026F30       TCustomEdit.Clear
 0001:0002729C       TCustomEdit.CMCtl3DChanged
 0001:00027318       TCustomEdit.CMEnter
 0001:000272D0       TCustomEdit.CMFontChanged
 0001:00027354       TCustomEdit.CMTextChanged
 0001:000272F8       TCustomEdit.CNCommand
 0001:00026F4C       TCustomEdit.CopyToClipboard
 0001:00026D48       TCustomEdit.Create
 0001:00026F84       TCustomEdit.CreateParams
 0001:00027040       TCustomEdit.CreateWnd
 0001:00027214       TCustomEdit.DefaultHandler
 0001:000270F0       TCustomEdit.DestroyWnd
 0001:00026E84       TCustomEdit.GetModified
 0001:00026F68       TCustomEdit.SelectAll
 0001:00026DEC       TCustomEdit.SetAutoSize
 0001:00026E00       TCustomEdit.SetBorderStyle
 0001:00026E24       TCustomEdit.SetHideSelection
 0001:00026E38       TCustomEdit.SetMaxLength
 0001:00026EBC       TCustomEdit.SetModified
 0001:00026E70       TCustomEdit.SetOEMConvert
 0001:00026EF4       TCustomEdit.SetReadOnly
 0001:0002710C       TCustomEdit.UpdateHeight
 0001:0002725C       TCustomEdit.WMSetFont
 0001:000169B4       TCustomImageList.Add
 0001:00016C00       TCustomImageList.AddImages
 0001:00016C20       TCustomImageList.Assign
 0001:00016CD8       TCustomImageList.AssignTo
 0001:00016ED4       TCustomImageList.BeginDrag
 0001:00017074       TCustomImageList.Change
 0001:00016D84       TCustomImageList.CheckImage
 0001:00016A58       TCustomImageList.Clear
 0001:00016DC0       TCustomImageList.CombineDragCursor
 0001:00016AD8       TCustomImageList.CopyImages
 0001:00016554       TCustomImageList.Create
 0001:000168D4       TCustomImageList.CreateImageList
 0001:00016598       TCustomImageList.CreateSize
 0001:00017100       TCustomImageList.DefineProperties
 0001:00016A08       TCustomImageList.Delete
 0001:000165E4       TCustomImageList.Destroy
 0001:00016F30       TCustomImageList.DragLock
 0001:00016FB8       TCustomImageList.DragMove
 0001:00016F94       TCustomImageList.DragUnlock
 0001:0001702C       TCustomImageList.EndDrag
 0001:000168A0       TCustomImageList.FreeHandle
 0001:00016AB0       TCustomImageList.GetBkColor
 0001:000169E4       TCustomImageList.GetCount
 0001:00016868       TCustomImageList.GetHandle
 0001:00016934       TCustomImageList.GetImageBitmap
 0001:00016878       TCustomImageList.GetImageHandle
 0001:00016974       TCustomImageList.GetMaskBitmap
 0001:000166B8       TCustomImageList.HandleAllocated
 0001:000166C0       TCustomImageList.HandleNeeded
 0001:00017014       TCustomImageList.HideDragImage
 0001:000166CC       TCustomImageList.InitBitmap
 0001:00016638       TCustomImageList.Initialize
 0001:00017148       TCustomImageList.ReadData
 0001:000170F4       TCustomImageList.RegisterChanges
 0001:00016A74       TCustomImageList.SetBkColor
 0001:00016E80       TCustomImageList.SetDragCursor
 0001:00016E98       TCustomImageList.SetDragImage
 0001:0001683C       TCustomImageList.SetHandle
 0001:000167F4       TCustomImageList.SetHeight
 0001:00016774       TCustomImageList.SetNewDimensions
 0001:000167AC       TCustomImageList.SetWidth
 0001:00016FFC       TCustomImageList.ShowDragImage
 0001:000170B4       TCustomImageList.UnRegisterChanges
 0001:00017390       TCustomImageList.WriteData
 0001:00026B0C       TCustomLabel.AdjustBounds
 0001:00026CB8       TCustomLabel.CMDialogChar
 0001:00026CA4       TCustomLabel.CMFontChanged
 0001:00026C90       TCustomLabel.CMTextChanged
 0001:0002691C       TCustomLabel.Create
 0001:00026998       TCustomLabel.DoDrawText
 0001:00026984       TCustomLabel.GetLabelText
 0001:00026BD4       TCustomLabel.GetTransparent
 0001:00026C60       TCustomLabel.Notification
 0001:00026A80       TCustomLabel.Paint
 0001:00026BAC       TCustomLabel.SetAlignment
 0001:00026BC0       TCustomLabel.SetAutoSize
 0001:00026BE0       TCustomLabel.SetFocusControl
 0001:00026BF4       TCustomLabel.SetShowAccelChar
 0001:00026C08       TCustomLabel.SetTransparent
 0001:00026C4C       TCustomLabel.SetWordWrap
 0001:0002991C       TCustomListBox.CMCtl3DChanged
 0001:00029528       TCustomListBox.CNCommand
 0001:00029834       TCustomListBox.CNDrawItem
 0001:000298F0       TCustomListBox.CNMeasureItem
 0001:00028E70       TCustomListBox.Create
 0001:00029258       TCustomListBox.CreateParams
 0001:00029338       TCustomListBox.CreateWnd
 0001:00028F44       TCustomListBox.Destroy
 0001:000293D8       TCustomListBox.DestroyWnd
 0001:000296F8       TCustomListBox.DragCanceled
 0001:00029758       TCustomListBox.DrawItem
 0001:00029070       TCustomListBox.GetItemHeight
 0001:00029000       TCustomListBox.GetItemIndex
 0001:000290FC       TCustomListBox.GetSelected
 0001:00029164       TCustomListBox.GetTopIndex
 0001:000291CC       TCustomListBox.ItemAtPos
 0001:00029814       TCustomListBox.MeasureItem
 0001:00029180       TCustomListBox.SetBorderStyle
 0001:00028FBC       TCustomListBox.SetColumns
 0001:00028F84       TCustomListBox.SetColumnWidth
 0001:00029048       TCustomListBox.SetExtendedSelect
 0001:0002905C       TCustomListBox.SetIntegralHeight
 0001:000290B4       TCustomListBox.SetItemHeight
 0001:0002901C       TCustomListBox.SetItemIndex
 0001:000291C0       TCustomListBox.SetItems
 0001:000290E8       TCustomListBox.SetMultiSelect
 0001:0002913C       TCustomListBox.SetSorted
 0001:00029150       TCustomListBox.SetStyle
 0001:000290CC       TCustomListBox.SetTabWidth
 0001:00029194       TCustomListBox.SetTopIndex
 0001:00029494       TCustomListBox.WMLButtonDown
 0001:000296B4       TCustomListBox.WMPaint
 0001:000296E4       TCustomListBox.WMSize
 0001:00029430       TCustomListBox.WndProc
 0001:00033904       TCustomListView.AlphaSort
 0001:00033C4C       TCustomListView.Arrange
 0001:000334AC       TCustomListView.CanChange
 0001:0003356C       TCustomListView.CanEdit
 0001:000334F8       TCustomListView.Change
 0001:00032EFC       TCustomListView.CMColorChanged
 0001:00032F14       TCustomListView.CMCtl3DChanged
 0001:000337A4       TCustomListView.CMDrag
 0001:00032FA4       TCustomListView.CMFontChanged
 0001:00033168       TCustomListView.CNNotify
 0001:0003346C       TCustomListView.ColClick
 0001:00032F8C       TCustomListView.ColumnsShowing
 0001:00032640       TCustomListView.Create
 0001:0003310C       TCustomListView.CreateListItem
 0001:00032870       TCustomListView.CreateParams
 0001:00032960       TCustomListView.CreateWnd
 0001:000338C4       TCustomListView.CustomSort
 0001:00033534       TCustomListView.Delete
 0001:000327C8       TCustomListView.Destroy
 0001:00032AD8       TCustomListView.DestroyWnd
 0001:00033830       TCustomListView.DoDragOver
 0001:00033784       TCustomListView.DoEndDrag
 0001:000336B0       TCustomListView.DoStartDrag
 0001:00033598       TCustomListView.Edit
 0001:00032D20       TCustomListView.EditWndProc
 0001:00033A88       TCustomListView.GetColumnFromIndex
 0001:00033618       TCustomListView.GetDragImages
 0001:00033AAC       TCustomListView.GetDropTarget
 0001:00033120       TCustomListView.GetItem
 0001:00033BE8       TCustomListView.GetItemAt
 0001:00033B14       TCustomListView.GetNextItem
 0001:00033154       TCustomListView.GetSelCount
 0001:00033A94       TCustomListView.GetSelection
 0001:00032C44       TCustomListView.HeaderWndProc
 0001:00032B94       TCustomListView.ImageListChange
 0001:0003348C       TCustomListView.InsertItem
 0001:00032BF4       TCustomListView.Notification
 0001:00032ECC       TCustomListView.SetAllocBy
 0001:00032E40       TCustomListView.SetBorderStyle
 0001:00032E54       TCustomListView.SetColumnClick
 0001:00032E7C       TCustomListView.SetColumnHeaders
 0001:00033AD0       TCustomListView.SetDropTarget
 0001:00032FE4       TCustomListView.SetHideSelection
 0001:0003300C       TCustomListView.SetIconOptions
 0001:00032B6C       TCustomListView.SetImageList
 0001:000338AC       TCustomListView.SetItems
 0001:0003396C       TCustomListView.SetLargeImages
 0001:000338B8       TCustomListView.SetListColumns
 0001:00032E68       TCustomListView.SetMultiSelect
 0001:00032FF8       TCustomListView.SetReadOnly
 0001:000339C8       TCustomListView.SetSmallImages
 0001:00033934       TCustomListView.SetSortType
 0001:00033A28       TCustomListView.SetStateImages
 0001:00032EB0       TCustomListView.SetTextBkColor
 0001:00032E90       TCustomListView.SetTextColor
 0001:00033038       TCustomListView.SetViewStyle
 0001:00033CA4       TCustomListView.UpdateColumn
 0001:00033C6C       TCustomListView.UpdateColumns
 0001:00032E20       TCustomListView.UpdateItems
 0001:00032F98       TCustomListView.ValidHeaderHandle
 0001:00033E00       TCustomListView.WMLButtonDown
 0001:00032F38       TCustomListView.WMNotify
 0001:000330BC       TCustomListView.WMParentNotify
 0001:00033DA0       TCustomListView.WMRButtonDown
 0001:00033634       TCustomListView.WndProc
 0001:00027750       TCustomMemo.Create
 0001:000277FC       TCustomMemo.CreateParams
 0001:00027848       TCustomMemo.CreateWindowHandle
 0001:000277D0       TCustomMemo.Destroy
 0001:00027940       TCustomMemo.KeyPress
 0001:000278A4       TCustomMemo.Loaded
 0001:000278BC       TCustomMemo.SetAlignment
 0001:000278D0       TCustomMemo.SetLines
 0001:000278DC       TCustomMemo.SetScrollBars
 0001:000278F0       TCustomMemo.SetWordWrap
 0001:00027904       TCustomMemo.WMGetDlgCode
 0001:00027938       TCustomMemo.WMNCDestroy
 0001:0000A0D0       TCustomMemoryStream.Read
 0001:0000A108       TCustomMemoryStream.Seek
 0001:0000A0C8       TCustomMemoryStream.SetPointer
 0001:0002A9A8       TCustomPanel.AlignControls
 0001:0002A918       TCustomPanel.CMCtl3DChanged
 0001:0002A944       TCustomPanel.CMIsToolControl
 0001:0002A910       TCustomPanel.CMTextChanged
 0001:0002A834       TCustomPanel.Create
 0001:0002A8C0       TCustomPanel.CreateParams
 0001:0002AA2C       TCustomPanel.Paint
 0001:0002A958       TCustomPanel.Resize
 0001:0002AB8C       TCustomPanel.SetAlignment
 0001:0002AB98       TCustomPanel.SetBevelInner
 0001:0002ABB4       TCustomPanel.SetBevelOuter
 0001:0002ABD0       TCustomPanel.SetBevelWidth
 0001:0002AC08       TCustomPanel.SetBorderStyle
 0001:0002ABEC       TCustomPanel.SetBorderWidth
 0001:0002A988       TCustomPanel.WMSize
 0001:0003035C       TCustomTreeView.AlphaSort
 0001:00030D6C       TCustomTreeView.CanChange
 0001:00030E24       TCustomTreeView.CanCollapse
 0001:00030E50       TCustomTreeView.CanEdit
 0001:00030DD8       TCustomTreeView.CanExpand
 0001:00030D98       TCustomTreeView.Change
 0001:0003032C       TCustomTreeView.CMColorChanged
 0001:00030340       TCustomTreeView.CMCtl3DChanged
 0001:00030C48       TCustomTreeView.CMDrag
 0001:000307CC       TCustomTreeView.CNNotify
 0001:00030E04       TCustomTreeView.Collapse
 0001:0002FE64       TCustomTreeView.Create
 0001:00030F04       TCustomTreeView.CreateNode
 0001:0002FFF8       TCustomTreeView.CreateParams
 0001:000300B4       TCustomTreeView.CreateWnd
 0001:000303C8       TCustomTreeView.CustomSort
 0001:0002FF8C       TCustomTreeView.Destroy
 0001:000301A0       TCustomTreeView.DestroyWnd
 0001:00030CCC       TCustomTreeView.DoDragOver
 0001:00030C28       TCustomTreeView.DoEndDrag
 0001:00030BA0       TCustomTreeView.DoStartDrag
 0001:00030E7C       TCustomTreeView.Edit
 0001:0003022C       TCustomTreeView.EditWndProc
 0001:00030DB8       TCustomTreeView.Expand
 0001:00030650       TCustomTreeView.FullExpand
 0001:00030B1C       TCustomTreeView.GetDragImages
 0001:00030744       TCustomTreeView.GetDropTarget
 0001:00030D2C       TCustomTreeView.GetImageIndex
 0001:0003063C       TCustomTreeView.GetIndent
 0001:000305D0       TCustomTreeView.GetNodeAt
 0001:000307B0       TCustomTreeView.GetNodeFromItem
 0001:00030D4C       TCustomTreeView.GetSelectedIndex
 0001:000306F0       TCustomTreeView.GetSelection
 0001:00030698       TCustomTreeView.GetTopItem
 0001:00030F40       TCustomTreeView.ImageListChange
 0001:0003067C       TCustomTreeView.Loaded
 0001:00030F88       TCustomTreeView.Notification
 0001:00030500       TCustomTreeView.SetBorderStyle
 0001:0003053C       TCustomTreeView.SetButtonStyle
 0001:00030514       TCustomTreeView.SetDragMode
 0001:0003077C       TCustomTreeView.SetDropTarget
 0001:000305B0       TCustomTreeView.SetHideSelection
 0001:00030F18       TCustomTreeView.SetImageList
 0001:00030FC8       TCustomTreeView.SetImages
 0001:00030618       TCustomTreeView.SetIndent
 0001:00030558       TCustomTreeView.SetLineStyle
 0001:00030590       TCustomTreeView.SetReadOnly
 0001:00030574       TCustomTreeView.SetRootStyle
 0001:00030720       TCustomTreeView.SetSelection
 0001:00030480       TCustomTreeView.SetSortType
 0001:00031024       TCustomTreeView.SetStateImages
 0001:000304B8       TCustomTreeView.SetStyle
 0001:000306C8       TCustomTreeView.SetTopItem
 0001:00030608       TCustomTreeView.SetTreeNodes
 0001:000310E4       TCustomTreeView.WMLButtonDown
 0001:00031084       TCustomTreeView.WMRButtonDown
 0001:00030B3C       TCustomTreeView.WndProc
 0001:00038DF8       TDiskFile.CreateRead
 0001:00038E80       TDiskFile.CreateWrite
 0001:00038FC8       TDiskFile.FClose
 0001:00038FA4       TDiskFile.Fpos
 0001:00038F68       TDiskFile.Fread
 0001:00038FB8       TDiskFile.Fseek
 0001:00038F90       TDiskFile.Fsize
 0001:00038F7C       TDiskFile.Fwrite
 0001:00038F00       TDiskFile.GetFullName
 0001:00038F18       TDiskFile.GetShortName
 0001:0001156C       TDragControlObject.Create
 0001:000115F0       TDragControlObject.Finished
 0001:000115D8       TDragControlObject.GetDragCursor
 0001:0001158C       TDragControlObject.GetDragImages
 0001:00011598       TDragControlObject.HideDragImage
 0001:000115B8       TDragControlObject.ShowDragImage
 0001:00011494       TDragObject.Capture
 0001:000114D8       TDragObject.Finished
 0001:000114C0       TDragObject.GetDragCursor
 0001:00011490       TDragObject.GetDragImages
 0001:00011468       TDragObject.GetName
 0001:000114E0       TDragObject.HideDragImage
 0001:00011460       TDragObject.Instance
 0001:000114E8       TDragObject.MouseMsg
 0001:000114AC       TDragObject.ReleaseCapture
 0001:000114E4       TDragObject.ShowDragImage
 0002:00009684       TempDir
 0001:00003C20       TerminateThread
 0001:0003C85C       TErrForm.BNCloseClick
 0001:0003C864       TErrForm.BNCopyClick
 0001:0003C880       TErrForm.BNSaveClick
 0001:0003C8E4       TErrForm.ReportError
 0002:00001038       Test8086
 0002:00001039       Test8087
 0001:00003E00       TextOut
 0001:00000200       TextStart
 0001:00006BD3       TextToFloat
 0001:0000EA7C       TextToShortCut
 0001:000388D0       TFile.FClose
 0001:000388C0       TFile.Fpos
 0001:000388A8       TFile.Fread
 0001:000388C8       TFile.Fseek
 0001:000388B8       TFile.Fsize
 0001:000388B0       TFile.Fwrite
 0001:00038898       TFile.GetFullName
 0001:000388A0       TFile.GetShortName
 0001:00039CE0       TFileChangeControl.Changed
 0001:00039C38       TFileChangeControl.SetFile
 0001:00038DD8       TFileInfo.GetString
 0001:0000A3F8       TFiler.Create
 0001:00007C64       TFiler.DefineBinaryProperty
 0001:00007C5C       TFiler.DefineProperty
 0001:0000A438       TFiler.Destroy
 0001:00007C6C       TFiler.FlushBuffer
 0001:00009FF4       TFileStream.Create
 0001:0000A0A4       TFileStream.Destroy
 0001:00035630       TFLDDirectory.GetContainerCreator
 0001:00035448       TFLDDirectory.Refresh
 0001:0001886C       TFont.Assign
 0001:00018800       TFont.Create
 0001:00018848       TFont.Destroy
 0001:000188C8       TFont.GetData
 0001:00018904       TFont.GetHandle
 0001:000189F4       TFont.GetHeight
 0001:00018A24       TFont.GetName
 0001:00018AF4       TFont.GetPitch
 0001:00018A80       TFont.GetSize
 0001:00018ABC       TFont.GetStyle
 0001:000188F0       TFont.SetColor
 0001:000188E0       TFont.SetData
 0001:000189FC       TFont.SetHeight
 0001:00018A3C       TFont.SetName
 0001:00018AFC       TFont.SetPitch
 0001:00018A9C       TFont.SetSize
 0001:00018AC8       TFont.SetStyle
 0001:00021174       TForm.Activate
 0001:00020F60       TForm.ActiveChanged
 0001:00020194       TForm.AlignControls
 0001:0001FAA8       TForm.ChangeScale
 0001:0002011C       TForm.ClientWndProc
 0001:00021E88       TForm.Close
 0001:00021F90       TForm.CloseModal
 0001:00021F30       TForm.CloseQuery
 0001:000219DC       TForm.CMActivate
 0001:00021754       TForm.CMAppSysCommand
 0001:000206D0       TForm.CMColorChanged
 0001:0002070C       TForm.CMCtl3DChanged
 0001:000219E8       TForm.CMDeactivate
 0001:000219FC       TForm.CMDialogKey
 0001:00020754       TForm.CMFontChanged
 0001:00021E08       TForm.CMIconChanged
 0001:00020774       TForm.CMMenuChanged
 0001:00021E28       TForm.CMRelease
 0001:00021A98       TForm.CMShowingChanged
 0001:00021E30       TForm.CMTextChanged
 0001:00021E80       TForm.CMUIActivate
 0001:0001F3E8       TForm.Create
 0001:0001F524       TForm.CreateNew
 0001:000207D0       TForm.CreateParams
 0001:00020AE8       TForm.CreateWindowHandle
 0001:000209AC       TForm.CreateWnd
 0001:00021190       TForm.Deactivate
 0001:00020BF4       TForm.DefaultHandler
 0001:0001F9B8       TForm.DefineProperties
 0001:00020CC0       TForm.DefocusControl
 0001:0001F630       TForm.Destroy
 0001:00020BB0       TForm.DestroyWindowHandle
 0001:0001FBEC       TForm.DoHide
 0001:0001FC08       TForm.DoShow
 0001:00020D08       TForm.FocusControl
 0001:00020238       TForm.GetActiveMDIChild
 0001:00020308       TForm.GetCanvas
 0001:0001FCAC       TForm.GetChildren
 0001:0001FC24       TForm.GetClientRect
 0001:000211E4       TForm.GetIconHandle
 0001:0002026C       TForm.GetMDIChildCount
 0001:000202B8       TForm.GetMDIChildren
 0001:00020630       TForm.GetPixelsPerInch
 0001:00020694       TForm.GetScaled
 0001:0001FA84       TForm.GetTextHeight
 0001:00022038       TForm.Hide
 0001:0001FB28       TForm.IconChanged
 0001:0001FBB8       TForm.IsAutoScrollStored
 0001:0001FB80       TForm.IsClientSizeStored
 0001:0002031C       TForm.IsColorStored
 0001:00020348       TForm.IsForm
 0001:0001FB90       TForm.IsFormSizeStored
 0001:00020350       TForm.IsIconStored
 0001:00021068       TForm.MergeMenu
 0001:000206F4       TForm.NormalColor
 0001:0001F74C       TForm.Notification
 0001:000211AC       TForm.Paint
 0001:00021200       TForm.PaintWindow
 0001:00021270       TForm.PaletteChanged
 0001:0001F7D4       TForm.ReadState
 0001:0001FA34       TForm.ReadTextHeight
 0001:000203F8       TForm.RefreshMDIMenu
 0001:00022288       TForm.Release
 0001:000211C8       TForm.Resize
 0001:00021018       TForm.SendCancelMode
 0001:00020FB4       TForm.SetActive
 0001:00020C58       TForm.SetActiveControl
 0001:000201D4       TForm.SetBorderIcons
 0001:00020200       TForm.SetBorderStyle
 0001:0001FD10       TForm.SetChildOrder
 0001:0001FDD0       TForm.SetClientHeight
 0001:0001FDA4       TForm.SetClientWidth
 0001:00022058       TForm.SetFocus
 0001:00020D28       TForm.SetFocusedControl
 0001:00020378       TForm.SetFormStyle
 0001:00020310       TForm.SetIcon
 0001:000204B0       TForm.SetMenu
 0001:00020474       TForm.SetObjectMenuItem
 0001:0001FE50       TForm.SetParent
 0001:00020644       TForm.SetPixelsPerInch
 0001:00020678       TForm.SetPosition
 0001:000206A0       TForm.SetScaled
 0001:0001FDFC       TForm.SetVisible
 0001:00020F64       TForm.SetWindowFocus
 0001:00020488       TForm.SetWindowMenu
 0001:00020790       TForm.SetWindowState
 0001:00022040       TForm.Show
 0001:0002208C       TForm.ShowModal
 0001:0001FE88       TForm.ValidateRename
 0001:0001FE28       TForm.VisibleChanging
 0001:000216AC       TForm.WMActivate
 0001:00021734       TForm.WMClose
 0001:000215B4       TForm.WMCommand
 0001:00021554       TForm.WMDestroy
 0001:000218F8       TForm.WMEnterMenuLoop
 0001:000213D8       TForm.WMEraseBkgnd
 0001:00021954       TForm.WMHelp
 0001:00021378       TForm.WMIconEraseBkgnd
 0001:000215E8       TForm.WMInitMenuPopup
 0001:00021874       TForm.WMMDIActivate
 0001:00021600       TForm.WMMenuSelect
 0001:00021520       TForm.WMNCCreate
 0001:000218CC       TForm.WMNextDlgCtl
 0001:0002131C       TForm.WMPaint
 0001:00021410       TForm.WMQueryDragIcon
 0001:0002173C       TForm.WMQueryEndSession
 0001:000217DC       TForm.WMShowWindow
 0001:000216CC       TForm.WMSize
 0001:000217AC       TForm.WMSysCommand
 0001:0001FEC4       TForm.WndProc
 0001:0001FA68       TForm.WritePixelsPerInch
 0001:0001FA4C       TForm.WriteTextHeight
 0001:0003B84C       TGiveFiles.AddFile
 0001:0003B8A0       TGiveFiles.Clear
 0001:0003B960       TGiveFiles.CopyIt
 0001:0003B7EC       TGiveFiles.Create
 0001:0003B824       TGiveFiles.Destroy
 0001:0003BA74       TGiveFiles.DragIt
 0001:0003B988       TGiveFiles.ExtractFiles
 0001:00036C38       TGOB2Creator.AddFile
 0001:00036CCC       TGOB2Creator.Destroy
 0001:00036B5C       TGOB2Creator.PrepareHeader
 0001:00036C7C       TGOB2Creator.ValidateName
 0001:00036820       TGOB2Directory.GetContainerCreator
 0001:0003659C       TGOB2Directory.Refresh
 0001:0003688C       TGOB2Directory.RenameFiles
 0001:00034D48       TGOBCreator.AddFile
 0001:00034E90       TGOBCreator.Destroy
 0001:00034C70       TGOBCreator.PrepareHeader
 0001:00034E40       TGOBCreator.ValidateName
 0001:000353F0       TGOBDirectory.GetContainerCreator
 0001:00034F68       TGOBDirectory.Refresh
 0001:000350FC       TGOBDirectory.RenameFiles
 0001:0001A6C8       TGraphic.Changed
 0001:0001A698       TGraphic.Create
 0001:0001A738       TGraphic.DefineProperties
 0001:00017DB0       TGraphic.Draw
 0001:0001A7E4       TGraphic.Equals
 0001:00017DB8       TGraphic.GetEmpty
 0001:00017DC0       TGraphic.GetHeight
 0001:00017DC8       TGraphic.GetWidth
 0001:00017DF0       TGraphic.LoadFromClipboardFormat
 0001:0001A8F8       TGraphic.LoadFromFile
 0001:00017DE0       TGraphic.LoadFromStream
 0001:0001A9A4       TGraphic.ReadData
 0001:00017DF8       TGraphic.SaveToClipboardFormat
 0001:0001A94C       TGraphic.SaveToFile
 0001:00017DE8       TGraphic.SaveToStream
 0001:00017DD0       TGraphic.SetHeight
 0001:00017DD8       TGraphic.SetWidth
 0001:0001A9AC       TGraphic.WriteData
 0001:0001602C       TGraphicControl.Create
 0001:00016080       TGraphicControl.Destroy
 0001:00016108       TGraphicControl.Paint
 0001:000160AC       TGraphicControl.WMPaint
 0001:000187EC       TGraphicsObject.Changed
 0001:00009FC8       THandleStream.Read
 0001:00009FE8       THandleStream.Seek
 0001:00009FD8       THandleStream.Write
 0001:00016344       THintWindow.ActivateHint
 0001:000162B8       THintWindow.CMTextChanged
 0001:0001610C       THintWindow.Create
 0001:0001618C       THintWindow.CreateParams
 0001:0001624C       THintWindow.IsHintMsg
 0001:000161B8       THintWindow.Paint
 0001:000162B0       THintWindow.ReleaseHandle
 0002:0000149E       ThousandSeparator
 0001:0001CC84       TIcon.Assign
 0001:0001CC14       TIcon.Create
 0001:0001CC5C       TIcon.Destroy
 0001:0001CCE0       TIcon.Draw
 0001:0001CD18       TIcon.GetEmpty
 0001:0001CD30       TIcon.GetHandle
 0001:0001CD44       TIcon.GetHeight
 0001:0001CD4C       TIcon.GetWidth
 0001:0001CD54       TIcon.HandleNeeded
 0001:0001CDC0       TIcon.ImageNeeded
 0001:0001CFFC       TIcon.LoadFromClipboardFormat
 0001:0001CE74       TIcon.LoadFromStream
 0001:0001CF2C       TIcon.NewImage
 0001:0001D010       TIcon.SaveToClipboardFormat
 0001:0001CFD0       TIcon.SaveToStream
 0001:0001CFA0       TIcon.SetHandle
 0001:0001CFB8       TIcon.SetHeight
 0001:0001CFC4       TIcon.SetWidth
 0001:0001CBFC       TIconImage.FreeHandle
 0001:0003252C       TIconOptions.Create
 0001:00032598       TIconOptions.SetArrangement
 0001:000325AC       TIconOptions.SetAutoArrange
 0001:000325C0       TIconOptions.SetWrapText
 0001:0002A560       TImage.Create
 0001:0002A5E0       TImage.Destroy
 0001:0002A60C       TImage.GetPalette
 0001:0002A63C       TImage.Paint
 0001:0002A780       TImage.PictureChanged
 0001:0002A730       TImage.SetAutoSize
 0001:0002A740       TImage.SetCenter
 0001:0002A758       TImage.SetPicture
 0001:0002A768       TImage.SetStretch
 0001:000058E8       Time
 0002:000014B0       TimeAMString
 0002:000014B4       TimePMString
 0002:000014AC       TimeSeparator
 0001:000081AC       TIntConst.Create
 0001:00017FA4       TInternalImage.FreeHandle
 0001:0001BC90       TInternalImage.Reference
 0001:0001BC94       TInternalImage.Release
 0001:000362B4       TLABCreator.AddFile
 0001:00036348       TLABCreator.Destroy
 0001:00035ECC       TLABCreator.PrepareHeader
 0001:000362F8       TLABCreator.ValidateName
 0001:00035E74       TLABDirectory.GetContainerCreator
 0001:00035CC8       TLABDirectory.Refresh
 0001:000357D4       TLFDCreator.AddFile
 0001:00035904       TLFDCreator.Destroy
 0001:00035688       TLFDCreator.PrepareHeader
 0001:000359D0       TLFDCreator.ValidateExt
 0001:00035828       TLFDCreator.ValidateName
 0001:000085E0       TList.Add
 0001:00008608       TList.Clear
 0001:00008620       TList.Delete
 0001:000085C0       TList.Destroy
 0001:0000865C       TList.Error
 0001:00008664       TList.Expand
 0001:0000867C       TList.Get
 0001:0000869C       TList.Grow
 0001:000086C4       TList.IndexOf
 0001:000086E4       TList.Insert
 0001:00008738       TList.Last
 0001:00008744       TList.Move
 0001:00008788       TList.Put
 0001:000087AC       TList.Remove
 0001:000087CC       TList.SetCapacity
 0001:00008800       TList.SetCount
 0001:000316D8       TListColumn.Assign
 0001:00031480       TListColumn.Create
 0001:0003153C       TListColumn.DefineProperties
 0001:000314F4       TListColumn.Destroy
 0001:000315CC       TListColumn.DoChange
 0001:00031638       TListColumn.GetWidth
 0001:00031580       TListColumn.ReadData
 0001:000316A8       TListColumn.SetAlignment
 0001:00031610       TListColumn.SetCaption
 0001:00031688       TListColumn.SetWidth
 0001:000315A8       TListColumn.WriteData
 0001:00031774       TListColumns.Add
 0001:00031724       TListColumns.Create
 0001:00031760       TListColumns.GetItem
 0001:00031780       TListColumns.Update
 0001:00031C78       TListItem.Assign
 0001:00031998       TListItem.Create
 0001:00031A38       TListItem.Delete
 0001:000319E0       TListItem.Destroy
 0001:00031D38       TListItem.DisplayRect
 0001:00031A44       TListItem.GetHandle
 0001:00031D2C       TListItem.GetIndex
 0001:00031A30       TListItem.GetListView
 0001:00031B18       TListItem.GetState
 0001:00031CF4       TListItem.IsEqual
 0001:00031A58       TListItem.SetCaption
 0001:00031AEC       TListItem.SetData
 0001:00031BB8       TListItem.SetImage
 0001:00031B64       TListItem.SetState
 0001:00031D1C       TListItem.SetSubItems
 0001:00031DC8       TListItems.Add
 0001:00031FE8       TListItems.Assign
 0001:00031EC4       TListItems.BeginUpdate
 0001:00031EA4       TListItems.Clear
 0001:00031D68       TListItems.Create
 0001:00032508       TListItems.CreateItem
 0001:000320D4       TListItems.DefineProperties
 0001:00031DA0       TListItems.Destroy
 0001:00031FD4       TListItems.EndUpdate
 0001:00031E04       TListItems.GetCount
 0001:00031E28       TListItems.GetHandle
 0001:00031E34       TListItems.GetItem
 0001:00031E7C       TListItems.IndexOf
 0001:0003212C       TListItems.ReadData
 0001:00031EDC       TListItems.SetUpdateState
 0001:000322C8       TListItems.WriteData
 0002:000013D4       TlsIndex
 0002:000013D8       TlsIndex4
 0002:FFBBE008       TlsLast
 0001:0000FC9C       TMainMenu.GetHandle
 0001:0000FC74       TMainMenu.ItemChanged
 0001:0000FC1C       TMainMenu.MenuChanged
 0001:0000FC3C       TMainMenu.Merge
 0001:0000FBFC       TMainMenu.SetAutoMerge
 0001:0000FC58       TMainMenu.Unmerge
 0001:000383D8       TMaskedDirectoryControl.AddFile
 0001:0003834C       TMaskedDirectoryControl.BeginUpdate
 0001:00038164       TMaskedDirectoryControl.ClearControl
 0001:00038304       TMaskedDirectoryControl.CreateFromLV
 0001:0003839C       TMaskedDirectoryControl.EndUpdate
 0001:000381DC       TMaskedDirectoryControl.SetDir
 0001:00038490       TMaskedDirectoryControl.SetMask
 0001:0000A154       TMemoryStream.Clear
 0001:0000A12C       TMemoryStream.Destroy
 0001:0000A1B0       TMemoryStream.Realloc
[...]
   750 0001:00039827   744 0001:00039828   751 0001:00039831   752 0001:00039841
   752 0001:00039860   756 0001:00039874   757 0001:00039879   758 0001:0003989E
   759 0001:000398A6   760 0001:000398AE   764 0001:000398B4   765 0001:000398D6
   766 0001:000398E3   767 0001:000398EC   768 0001:00039905   768 0001:00039917
   771 0001:00039920   772 0001:00039926   773 0001:00039930   776 0001:00039934
   777 0001:0003994E   778 0001:0003996E   778 0001:0003997E   787 0001:00039984
   788 0001:000399AC   789 0001:000399BF   790 0001:000399CD   791 0001:000399DC
   792 0001:000399EA   794 0001:000399FC   795 0001:00039A09   796 0001:00039A25
   797 0001:00039A38   798 0001:00039A53   792 0001:00039A54   799 0001:00039A57
   800 0001:00039A61   802 0001:00039A73   803 0001:00039A81   805 0001:00039A9F
   806 0001:00039AB8   807 0001:00039AC2   808 0001:00039ACB   800 0001:00039ACC
   809 0001:00039ACF   810 0001:00039AD7   811 0001:00039ADF   812 0001:00039AED
   813 0001:00039AFE   814 0001:00039B13   814 0001:00039B36   818 0001:00039B50
   819 0001:00039B68   820 0001:00039B7E   821 0001:00039B8A   822 0001:00039B90
   823 0001:00039B96   824 0001:00039BB1   827 0001:00039BC4   828 0001:00039BCA
   829 0001:00039BD4   833 0001:00039BD8   834 0001:00039BDE   835 0001:00039BE8
   838 0001:00039BEC   839 0001:00039BED   840 0001:00039BF5   844 0001:00039BF8
   845 0001:00039BFB   848 0001:00039BFC   849 0001:00039BFF   850 0001:00039C0A
   854 0001:00039C0C   855 0001:00039C17   858 0001:00039C18   859 0001:00039C1E
   860 0001:00039C35   864 0001:00039C38   865 0001:00039C6F   866 0001:00039C7A
   867 0001:00039C8D   868 0001:00039C96   869 0001:00039C9F   870 0001:00039CB7
   870 0001:00039CD7   874 0001:00039CE0   875 0001:00039D0C   876 0001:00039D1F
   877 0001:00039D3D   878 0001:00039D55   878 0001:00039D6F   880 0001:00039D76

Line numbers for DragOut(DragOut.pas) segment .text

    95 0001:0003B2CC    96 0001:0003B2EB    97 0001:0003B2ED    98 0001:0003B2FA
    99 0001:0003B311    98 0001:0003B330   100 0001:0003B333   101 0001:0003B344
   103 0001:0003B34E   104 0001:0003B359   106 0001:0003B35B   107 0001:0003B361
   108 0001:0003B366   109 0001:0003B36B   110 0001:0003B372   112 0001:0003B377
   113 0001:0003B37C   114 0001:0003B37F   115 0001:0003B382   117 0001:0003B399
   118 0001:0003B3AE   119 0001:0003B3D0   115 0001:0003B3D3   120 0001:0003B3D6
   121 0001:0003B3D9   122 0001:0003B3DD   123 0001:0003B3F3   123 0001:0003B406
   127 0001:0003B410   128 0001:0003B425   129 0001:0003B42E   130 0001:0003B441
   133 0001:0003B448   134 0001:0003B457   135 0001:0003B475   136 0001:0003B477
   137 0001:0003B47D   139 0001:0003B481   140 0001:0003B485   142 0001:0003B48A
   145 0001:0003B494   146 0001:0003B49A   147 0001:0003B49D   148 0001:0003B4A0
   151 0001:0003B4A4   152 0001:0003B4AB   153 0001:0003B4AE   154 0001:0003B4B3
   155 0001:0003B4B7   156 0001:0003B4BE   162 0001:0003B4C4   163 0001:0003B4CF
   164 0001:0003B4E2   166 0001:0003B4E9   167 0001:0003B4F1   169 0001:0003B4F5
   170 0001:0003B4FA   174 0001:0003B4FC   175 0001:0003B502   176 0001:0003B505
   179 0001:0003B50A   181 0001:0003B50C   185 0001:0003B514   186 0001:0003B517
   187 0001:0003B51C   190 0001:0003B520   192 0001:0003B526   193 0001:0003B52C
   194 0001:0003B533   195 0001:0003B539   197 0001:0003B540   199 0001:0003B542
   203 0001:0003B548   204 0001:0003B54B   205 0001:0003B550   209 0001:0003B554
   210 0001:0003B557   211 0001:0003B55C   215 0001:0003B560   216 0001:0003B567
   217 0001:0003B56D   218 0001:0003B57B   219 0001:0003B583   221 0001:0003B587
   222 0001:0003B58B   224 0001:0003B590   228 0001:0003B598   229 0001:0003B59B
   230 0001:0003B5A0   233 0001:0003B5A4   234 0001:0003B5A7   235 0001:0003B5AC
   238 0001:0003B5B0   239 0001:0003B5B3   240 0001:0003B5B8   246 0001:0003B5BC
   247 0001:0003B5CB   248 0001:0003B5E9   249 0001:0003B5EB   250 0001:0003B5F1
   252 0001:0003B5F5   253 0001:0003B5F9   255 0001:0003B5FE   258 0001:0003B608
   259 0001:0003B60E   260 0001:0003B611   261 0001:0003B614   264 0001:0003B618
   265 0001:0003B61F   266 0001:0003B622   267 0001:0003B627   268 0001:0003B62B
   269 0001:0003B632   273 0001:0003B638   274 0001:0003B649   275 0001:0003B64E
   276 0001:0003B658   278 0001:0003B65B   279 0001:0003B660   280 0001:0003B665
   281 0001:0003B66C   282 0001:0003B673   285 0001:0003B67A   286 0001:0003B684
   288 0001:0003B68B   290 0001:0003B695   293 0001:0003B69C   294 0001:0003B6A2
   295 0001:0003B6A8   296 0001:0003B6B7   299 0001:0003B6BC   300 0001:0003B6C2
   301 0001:0003B6C7   302 0001:0003B6C9   305 0001:0003B6D0   306 0001:0003B6DB
   307 0001:0003B6E9   308 0001:0003B6F1   309 0001:0003B6F9   310 0001:0003B6FB
   316 0001:0003B704   317 0001:0003B713   318 0001:0003B716   319 0001:0003B72A
   322 0001:0003B730   323 0001:0003B73F   324 0001:0003B75D   325 0001:0003B75F
   326 0001:0003B765   328 0001:0003B769   329 0001:0003B76D   331 0001:0003B772
   334 0001:0003B77C   335 0001:0003B782   336 0001:0003B785   337 0001:0003B788
   340 0001:0003B78C   341 0001:0003B793   342 0001:0003B796   343 0001:0003B79B
   344 0001:0003B79F   345 0001:0003B7A6   349 0001:0003B7AC   350 0001:0003B7B3
   351 0001:0003B7B9   352 0001:0003B7C0   353 0001:0003B7C6   355 0001:0003B7D5
   356 0001:0003B7D9   359 0001:0003B7E0   360 0001:0003B7E3   361 0001:0003B7E8
   367 0001:0003B7EC   368 0001:0003B7FE   369 0001:0003B801   370 0001:0003B820
   373 0001:0003B824   374 0001:0003B82A   375 0001:0003B831   376 0001:0003B846
   379 0001:0003B84C   380 0001:0003B870   381 0001:0003B88A   381 0001:0003B89A
   386 0001:0003B8A0   387 0001:0003B8BC   388 0001:0003B8C3   389 0001:0003B8D9
   390 0001:0003B8DF   391 0001:0003B8F6   390 0001:0003B928   392 0001:0003B92B
   393 0001:0003B92F   394 0001:0003B944   394 0001:0003B959   399 0001:0003B960
   400 0001:0003B963   401 0001:0003B96A   402 0001:0003B974   403 0001:0003B979
   404 0001:0003B984   409 0001:0003B988   410 0001:0003B9A9   411 0001:0003B9B3
   413 0001:0003B9CF   414 0001:0003B9E6   415 0001:0003BA19   416 0001:0003BA2B
   417 0001:0003BA34   418 0001:0003BA3D   411 0001:0003BA40   419 0001:0003BA45
   420 0001:0003BA56   420 0001:0003BA6B   428 0001:0003BA74   430 0001:0003BA7F
   431 0001:0003BA8D   432 0001:0003BA9F   435 0001:0003BAA8   436 0001:0003BAB6
   437 0001:0003BAC9   438 0001:0003BAD2   440 0001:0003BAE0   443 0001:0003BB00
   446 0001:0003BB1E   450 0001:0003BB43   465 0001:0003BB4C   466 0001:0003BB51
   457 0001:0003BB54   459 0001:0003BB72   460 0001:0003BB7E   461 0001:0003BB8D
   464 0001:0003BBAE   464 0001:0003BBB6

Line numbers for u_options(u_options.pas) segment .text

    31 0001:0003C100    32 0001:0003C11B    33 0001:0003C129    34 0001:0003C137
    35 0001:0003C155    36 0001:0003C176    37 0001:0003C197    38 0001:0003C1B8
    39 0001:0003C1BF    42 0001:0003C1D6    42 0001:0003C1E6    16 0001:0003C254
    18 0001:0003C274    19 0001:0003C285    20 0001:0003C296    22 0001:0003C2AB
    23 0001:0003C2CA    24 0001:0003C2E9    25 0001:0003C308    27 0001:0003C327
    30 0001:0003C33E    30 0001:0003C34E

Line numbers for AboutCntMan(AboutCntMan.pas) segment .text

    28 0001:00000000

Line numbers for u_Moveform(u_Moveform.pas) segment .text

    31 0001:0003C620    32 0001:0003C623    33 0001:0003C638    34 0001:0003C654
    37 0001:0003C658    38 0001:0003C67B    39 0001:0003C692    40 0001:0003C69F
    41 0001:0003C6AA    42 0001:0003C6D3    42 0001:0003C6E5    44 0001:0003C6EC

Line numbers for u_errorform(u_errorform.pas) segment .text

    35 0001:0003C85C    36 0001:0003C861    39 0001:0003C864    40 0001:0003C867
    41 0001:0003C872    42 0001:0003C87D    45 0001:0003C880    46 0001:0003C886
    47 0001:0003C894    51 0001:0003C8CA    60 0001:0003C8E4    62 0001:0003C915
    67 0001:0003C918    68 0001:0003C920    69 0001:0003C92E    71 0001:0003C930
    72 0001:0003C93D    73 0001:0003C93F    72 0001:0003C972    74 0001:0003C977
    69 0001:0003C978    82 0001:0003C99D    86 0001:0003CA02    88 0001:0003CA1E
    89 0001:0003CA35    91 0001:0003CA53    91 0001:0003CA68    93 0001:0003CAB0

Line numbers for ContManager(ContManager.pas) segment .text

   144 0001:0003D23C   145 0001:0003D261   146 0001:0003D27D   147 0001:0003D28B
   148 0001:0003D2A5   150 0001:0003D2BB   151 0001:0003D2E7   152 0001:0003D30B
   153 0001:0003D34C   148 0001:0003D34D   154 0001:0003D356   155 0001:0003D36A
   155 0001:0003D37F   157 0001:0003D394   158 0001:0003D3B3   159 0001:0003D3E0
   160 0001:0003D3E9   161 0001:0003D403   162 0001:0003D41D   163 0001:0003D42D
   164 0001:0003D448   164 0001:0003D458   167 0001:0003D460   168 0001:0003D489
   169 0001:0003D4A0   170 0001:0003D4B7   171 0001:0003D4C8   172 0001:0003D4D9
   174 0001:0003D4EA   175 0001:0003D4FB   176 0001:0003D508   178 0001:0003D51C
   179 0001:0003D52A   181 0001:0003D531   182 0001:0003D542   183 0001:0003D552
   184 0001:0003D559   185 0001:0003D57B   186 0001:0003D588   187 0001:0003D595
   188 0001:0003D5A2   189 0001:0003D5AF   190 0001:0003D5BC   191 0001:0003D5C9
   192 0001:0003D5D6   193 0001:0003D5E3   194 0001:0003D606   195 0001:0003D629
   196 0001:0003D640   197 0001:0003D657   197 0001:0003D66C   200 0001:0003D6A0
   201 0001:0003D6A3   202 0001:0003D6BB   203 0001:0003D6CA   204 0001:0003D6DC
   205 0001:0003D6E3   206 0001:0003D6F8   209 0001:0003D6FC   210 0001:0003D6FF
   211 0001:0003D712   214 0001:0003D714   215 0001:0003D717   216 0001:0003D72E
   217 0001:0003D745   218 0001:0003D75C   219 0001:0003D771   220 0001:0003D77A
   224 0001:0003D77C   225 0001:0003D781   228 0001:0003D784   229 0001:0003D787
   231 0001:0003D796   233 0001:0003D7A6   237 0001:0003D7A8   238 0001:0003D7C6
   239 0001:0003D7D1   240 0001:0003D7E0   241 0001:0003D7FA   240 0001:0003D816
   242 0001:0003D826   242 0001:0003D836   246 0001:0003D840   247 0001:0003D84A
   251 0001:0003D84C   252 0001:0003D857   256 0001:0003D858   257 0001:0003D872
   258 0001:0003D88B   259 0001:0003D8A4   260 0001:0003D8CA   260 0001:0003D8E1
   264 0001:0003D8EC   265 0001:0003D8FE   269 0001:0003D900   270 0001:0003D903
   271 0001:0003D90C   272 0001:0003D915   273 0001:0003D920   274 0001:0003D928
   275 0001:0003D92B   280 0001:0003D930   281 0001:0003D942   284 0001:0003D944
   285 0001:0003D95C   286 0001:0003D97E   287 0001:0003D99A   289 0001:0003D9A9
   291 0001:0003D9D1   291 0001:0003D9E1   295 0001:0003DA1C   296 0001:0003DA3D
   297 0001:0003DA54   298 0001:0003DA63   299 0001:0003DA83   300 0001:0003DA99
   302 0001:0003DAA9   303 0001:0003DAB3   304 0001:0003DAE3   298 0001:0003DAE6
   305 0001:0003DAE9   306 0001:0003DB00   306 0001:0003DB10   314 0001:0003DB34
   315 0001:0003DB6C   316 0001:0003DB7B   318 0001:0003DB85   319 0001:0003DB93
   321 0001:0003DB9B   322 0001:0003DBAE   323 0001:0003DBC1   319 0001:0003DBC7
   325 0001:0003DBCF   326 0001:0003DBDF   328 0001:0003DBFC   329 0001:0003DC06
   331 0001:0003DC25   331 0001:0003DC35   334 0001:0003DC3C   335 0001:0003DC54
   336 0001:0003DC7E   336 0001:0003DC8E   340 0001:0003DC94   341 0001:0003DC97
   343 0001:0003DCA3   344 0001:0003DCAA   345 0001:0003DCD4   347 0001:0003DCDB
   351 0001:0003DCE0   352 0001:0003DCE4   354 0001:0003DCF0   355 0001:0003DCF7
   356 0001:0003DD34   358 0001:0003DD3B   364 0001:0003DD40   365 0001:0003DD6D
   366 0001:0003DD7C   368 0001:0003DD9A   369 0001:0003DDAD   370 0001:0003DDD1
   366 0001:0003DDD2   373 0001:0003DDD5   374 0001:0003DDE3   376 0001:0003DE15
   378 0001:0003DE70   379 0001:0003DE8E   383 0001:0003DE95   385 0001:0003DEAD
   387 0001:0003DECA   387 0001:0003DEE2   390 0001:0003DF48   391 0001:0003DF4B
   392 0001:0003DF53   393 0001:0003DF5C   396 0001:0003DF60   397 0001:0003DF63
   398 0001:0003DF73   399 0001:0003DF80   401 0001:0003DF92   405 0001:0003DF94
   406 0001:0003DFA3   414 0001:0003DFB8   415 0001:0003DFD9   417 0001:0003DFE2
   419 0001:0003DFED   420 0001:0003DFFA   421 0001:0003E007   423 0001:0003E014
   425 0001:0003E01F   426 0001:0003E02C   427 0001:0003E039   429 0001:0003E046
   431 0001:0003E051   432 0001:0003E05E   433 0001:0003E06B   435 0001:0003E078
   437 0001:0003E083   438 0001:0003E090   439 0001:0003E09D   441 0001:0003E0AA
   443 0001:0003E0B5   444 0001:0003E0C2   445 0001:0003E0CF   447 0001:0003E0DC
   449 0001:0003E0E7   450 0001:0003E0F4   451 0001:0003E101   453 0001:0003E10E
   454 0001:0003E11D   458 0001:0003E128   459 0001:0003E145   460 0001:0003E162
   461 0001:0003E17F   462 0001:0003E19C   463 0001:0003E1B9   466 0001:0003E1D6
   468 0001:0003E1E5   469 0001:0003E1F3   479 0001:0003E20A   480 0001:0003E212
   481 0001:0003E21A   483 0001:0003E22C   484 0001:0003E244   484 0001:0003E254
   492 0001:0003E3AC   493 0001:0003E3D6   494 0001:0003E3E7   495 0001:0003E3F2
   496 0001:0003E430   498 0001:0003E444   499 0001:0003E453   501 0001:0003E462
   503 0001:0003E473   504 0001:0003E482   506 0001:0003E496   508 0001:0003E4A8
   509 0001:0003E4B5   510 0001:0003E4DA   511 0001:0003E4E8   512 0001:0003E4F9
   506 0001:0003E4FA   514 0001:0003E4FD   515 0001:0003E508   516 0001:0003E513
   517 0001:0003E521   518 0001:0003E52F   519 0001:0003E539   520 0001:0003E54D
   522 0001:0003E558   523 0001:0003E562   524 0001:0003E584   525 0001:0003E58E
   526 0001:0003E597   520 0001:0003E598   528 0001:0003E59B   530 0001:0003E5AE
   531 0001:0003E5B8   532 0001:0003E5D4   533 0001:0003E5DE   534 0001:0003E5E7
   528 0001:0003E5E8   536 0001:0003E5F8   537 0001:0003E600   538 0001:0003E60A
   539 0001:0003E612   540 0001:0003E61A   543 0001:0003E645   546 0001:0003E657
   547 0001:0003E670   548 0001:0003E67B   549 0001:0003E686   550 0001:0003E69E
   550 0001:0003E6BB   553 0001:0003E6E0   554 0001:0003E6E3   555 0001:0003E6F2
   556 0001:0003E702   573 0001:0003E704   574 0001:0003E72E   575 0001:0003E756
   576 0001:0003E76A   577 0001:0003E7BD   578 0001:0003E7D1   579 0001:0003E7E0
   582 0001:0003E7F4   583 0001:0003E812   584 0001:0003E82A   586 0001:0003E83A
   587 0001:0003E847   588 0001:0003E856   582 0001:0003E857   590 0001:0003E85A
   591 0001:0003E868   592 0001:0003E872   593 0001:0003E886   595 0001:0003E898
   596 0001:0003E8A2   597 0001:0003E8BE   598 0001:0003E8C8   599 0001:0003E8D1
   593 0001:0003E8D2   602 0001:0003E8E2   603 0001:0003E8EA   604 0001:0003E8F2
   606 0001:0003E904   607 0001:0003E91D   608 0001:0003E928   609 0001:0003E933
   610 0001:0003E94B   610 0001:0003E96D   615 0001:0003E9C8   616 0001:0003E9CC
   617 0001:0003E9D3   619 0001:0003E9E2   620 0001:0003E9ED   621 0001:0003E9F6
   624 0001:0003E9FD   628 0001:0003EA00   629 0001:0003EA06   630 0001:0003EA10
   631 0001:0003EA24   632 0001:0003EA3F   633 0001:0003EA54   631 0001:0003EA76
   634 0001:0003EA79   635 0001:0003EA84   638 0001:0003EA8C   639 0001:0003EA8F
   640 0001:0003EAA6   646 0001:0003EAA8   647 0001:0003EAB6   648 0001:0003EAC0
   649 0001:0003EAD3   650 0001:0003EAEF   651 0001:0003EAFC   652 0001:0003EB13
   653 0001:0003EB2B   654 0001:0003EB4B   655 0001:0003EB61   653 0001:0003EB85
   656 0001:0003EB88   657 0001:0003EB97   658 0001:0003EBA2   659 0001:0003EBB1
   662 0001:0003EBBC   663 0001:0003EBD4   664 0001:0003EC01   664 0001:0003EC11
   668 0001:0003EC18   669 0001:0003EC21   670 0001:0003EC28   671 0001:0003EC3B
   673 0001:0003EC3F   674 0001:0003EC49   675 0001:0003EC52   677 0001:0003EC56
   678 0001:0003EC6C   675 0001:0003EC75   681 0001:0003EC79   684 0001:0003EC8C
   685 0001:0003ECA6   686 0001:0003ECB0   687 0001:0003ECC6   688 0001:0003ECD6
   689 0001:0003ECEA   689 0001:0003ECFA   693 0001:0003ED0C   694 0001:0003ED2A
   695 0001:0003ED3F   696 0001:0003ED47   697 0001:0003ED68   698 0001:0003ED89
   699 0001:0003EDAA   700 0001:0003EDCB   701 0001:0003EDEC   703 0001:0003EDFB
   704 0001:0003EE31   706 0001:0003EE55   707 0001:0003EE76   708 0001:0003EEB5
   709 0001:0003EED6   710 0001:0003EEF7   711 0001:0003EF18   712 0001:0003EF39
   713 0001:0003EF5A   714 0001:0003EF7B   715 0001:0003EF99   716 0001:0003EFB7
   717 0001:0003EFD5   718 0001:0003EFF3   719 0001:0003F00F   720 0001:0003F028
   720 0001:0003F03D   724 0001:0003F2F8   725 0001:0003F316   726 0001:0003F32B
   727 0001:0003F333   728 0001:0003F354   729 0001:0003F375   730 0001:0003F396
   731 0001:0003F3B4   732 0001:0003F3D2   733 0001:0003F3F0   734 0001:0003F40E
   735 0001:0003F42A   736 0001:0003F443   736 0001:0003F458   745 0001:0003F558
   746 0001:0003F561   747 0001:0003F56E   749 0001:0003F583   750 0001:0003F590
   752 0001:0003F59E   757 0001:0003F5A4   758 0001:0003F5E1   759 0001:0003F622
   761 0001:0003F62A   762 0001:0003F668   763 0001:0003F6B6   764 0001:0003F738
   759 0001:0003F743   766 0001:0003F74B   767 0001:0003F763   767 0001:0003F78B
   771 0001:0003F7C8   772 0001:0003F7F3   773 0001:0003F7FB   774 0001:0003F803
   775 0001:0003F80D   777 0001:0003F817   779 0001:0003F82D   780 0001:0003F83A
   782 0001:0003F846   785 0001:0003F870   787 0001:0003F8AE   788 0001:0003F8E3
   791 0001:0003F8FB   777 0001:0003F8FC   792 0001:0003F910   792 0001:0003F925
   795 0001:0003F930   796 0001:0003F94E   797 0001:0003F95A   799 0001:0003F9BC
   800 0001:0003FA0E   800 0001:0003FA1E   807 0001:0003FA6C   808 0001:0003FA72
   809 0001:0003FA85   810 0001:0003FA97   811 0001:0003FAA2   813 0001:0003FABC
   814 0001:0003FAD8   815 0001:0003FAE7   816 0001:0003FAF5   817 0001:0003FB03
   818 0001:0003FB10   819 0001:0003FB39   820 0001:0003FB48   821 0001:0003FB50
   822 0001:0003FB79   823 0001:0003FB9D   824 0001:0003FBA5   825 0001:0003FBB1
   826 0001:0003FBBD   827 0001:0003FBC9   828 0001:0003FBD5   829 0001:0003FBE1
   830 0001:0003FBED   832 0001:0003FC04   836 0001:0003FC2F   839 0001:0003FC49
   839 0001:0003FC59   842 0001:0003FDA0   843 0001:0003FDA3   844 0001:0003FE12
   845 0001:0003FE1B   846 0001:0003FE29   847 0001:0003FE37   848 0001:0003FE45
   849 0001:0003FE53   850 0001:0003FE61   851 0001:0003FE6F   852 0001:0003FE7D
   853 0001:0003FE8B   854 0001:0003FE99   855 0001:0003FEA7   856 0001:0003FEB5
   857 0001:0003FEC3   859 0001:0003FECF   865 0001:000401E4   866 0001:00040211
   867 0001:00040222   868 0001:00040239   869 0001:00040248   870 0001:0004026C
   871 0001:00040282   873 0001:00040296   874 0001:000402A0   875 0001:000402C7
   876 0001:000402E1   877 0001:000402EF   878 0001:00040314   879 0001:00040372
   869 0001:00040375   880 0001:0004037C   881 0001:00040393   881 0001:000403B3
   885 0001:00040400   886 0001:00040420   887 0001:0004043C   889 0001:00040456
   890 0001:0004046C   891 0001:0004047C   892 0001:00040496   893 0001:000404A6
   894 0001:000404B3   887 0001:000404B6   895 0001:000404BB   896 0001:000404E1
   896 0001:000404F1   900 0001:000404F8   901 0001:000404FF   902 0001:0004050B
   903 0001:0004051C   904 0001:0004052A   905 0001:00040548   906 0001:0004054F
   909 0001:00040554   910 0001:0004055A   911 0001:00040570   917 0001:00040574
   918 0001:00040596   919 0001:000405AA   920 0001:000405C8   922 0001:000405ED
   923 0001:000405FC   924 0001:0004061F   925 0001:00040638   927 0001:00040648
   928 0001:0004066C   923 0001:0004066F   929 0001:00040672   930 0001:00040680
   932 0001:0004069E   933 0001:000406A6   935 0001:000406CF   935 0001:000406E7
   940 0001:000406FC   941 0001:0004071C   943 0001:0004072B   944 0001:0004074F
   945 0001:0004075D   947 0001:00040787   949 0001:000407A4   949 0001:000407B4
   954 0001:000407C0   955 0001:000407CC   957 0001:000407D2   958 0001:000407DE
   959 0001:000407FB   960 0001:00040814   962 0001:0004083B   964 0001:00040842

Line numbers for ConMan(H:\rr\ConMan\ConMan.dpr) segment .text

    19 0001:00040844    20 0001:00040896    21 0001:0004089D    22 0001:000408AC
    23 0001:000408BD    24 0001:000408CE    25 0001:000408DF    26 0001:000408F0
    27 0001:00040901    28 0001:00040908

Program entry point at 0001:00040844
